Archive member included to satisfy reference by file (symbol)

/Applications/Ac6/SystemWorkbench.app/Contents/Eclipse/plugins/fr.ac6.mcu.externaltools.arm-none.macos64_1.17.0.201812190825/tools/compiler/bin/../lib/gcc/arm-none-eabi/7.3.1/../../../../arm-none-eabi/lib/thumb/v7e-m/fpv4-sp/hard/libc_nano.a(lib_a-errno.o)
                              Src/syscalls.o (__errno)
/Applications/Ac6/SystemWorkbench.app/Contents/Eclipse/plugins/fr.ac6.mcu.externaltools.arm-none.macos64_1.17.0.201812190825/tools/compiler/bin/../lib/gcc/arm-none-eabi/7.3.1/../../../../arm-none-eabi/lib/thumb/v7e-m/fpv4-sp/hard/libc_nano.a(lib_a-exit.o)
                              /Applications/Ac6/SystemWorkbench.app/Contents/Eclipse/plugins/fr.ac6.mcu.externaltools.arm-none.macos64_1.17.0.201812190825/tools/compiler/bin/../lib/gcc/arm-none-eabi/7.3.1/../../../../arm-none-eabi/lib/thumb/v7e-m/fpv4-sp/hard/crt0.o (exit)
/Applications/Ac6/SystemWorkbench.app/Contents/Eclipse/plugins/fr.ac6.mcu.externaltools.arm-none.macos64_1.17.0.201812190825/tools/compiler/bin/../lib/gcc/arm-none-eabi/7.3.1/../../../../arm-none-eabi/lib/thumb/v7e-m/fpv4-sp/hard/libc_nano.a(lib_a-impure.o)
                              /Applications/Ac6/SystemWorkbench.app/Contents/Eclipse/plugins/fr.ac6.mcu.externaltools.arm-none.macos64_1.17.0.201812190825/tools/compiler/bin/../lib/gcc/arm-none-eabi/7.3.1/../../../../arm-none-eabi/lib/thumb/v7e-m/fpv4-sp/hard/libc_nano.a(lib_a-exit.o) (_global_impure_ptr)
/Applications/Ac6/SystemWorkbench.app/Contents/Eclipse/plugins/fr.ac6.mcu.externaltools.arm-none.macos64_1.17.0.201812190825/tools/compiler/bin/../lib/gcc/arm-none-eabi/7.3.1/../../../../arm-none-eabi/lib/thumb/v7e-m/fpv4-sp/hard/libc_nano.a(lib_a-init.o)
                              /Applications/Ac6/SystemWorkbench.app/Contents/Eclipse/plugins/fr.ac6.mcu.externaltools.arm-none.macos64_1.17.0.201812190825/tools/compiler/bin/../lib/gcc/arm-none-eabi/7.3.1/../../../../arm-none-eabi/lib/thumb/v7e-m/fpv4-sp/hard/crt0.o (__libc_init_array)
/Applications/Ac6/SystemWorkbench.app/Contents/Eclipse/plugins/fr.ac6.mcu.externaltools.arm-none.macos64_1.17.0.201812190825/tools/compiler/bin/../lib/gcc/arm-none-eabi/7.3.1/../../../../arm-none-eabi/lib/thumb/v7e-m/fpv4-sp/hard/libc_nano.a(lib_a-memset.o)
                              /Applications/Ac6/SystemWorkbench.app/Contents/Eclipse/plugins/fr.ac6.mcu.externaltools.arm-none.macos64_1.17.0.201812190825/tools/compiler/bin/../lib/gcc/arm-none-eabi/7.3.1/../../../../arm-none-eabi/lib/thumb/v7e-m/fpv4-sp/hard/crt0.o (memset)
/Applications/Ac6/SystemWorkbench.app/Contents/Eclipse/plugins/fr.ac6.mcu.externaltools.arm-none.macos64_1.17.0.201812190825/tools/compiler/bin/../lib/gcc/arm-none-eabi/7.3.1/../../../../arm-none-eabi/lib/thumb/v7e-m/fpv4-sp/hard/libc_nano.a(lib_a-sprintf.o)
                              Src/lcd.o (sprintf)
/Applications/Ac6/SystemWorkbench.app/Contents/Eclipse/plugins/fr.ac6.mcu.externaltools.arm-none.macos64_1.17.0.201812190825/tools/compiler/bin/../lib/gcc/arm-none-eabi/7.3.1/../../../../arm-none-eabi/lib/thumb/v7e-m/fpv4-sp/hard/libc_nano.a(lib_a-strlen.o)
                              Src/lcd.o (strlen)
/Applications/Ac6/SystemWorkbench.app/Contents/Eclipse/plugins/fr.ac6.mcu.externaltools.arm-none.macos64_1.17.0.201812190825/tools/compiler/bin/../lib/gcc/arm-none-eabi/7.3.1/../../../../arm-none-eabi/lib/thumb/v7e-m/fpv4-sp/hard/libc_nano.a(lib_a-nano-svfprintf.o)
                              /Applications/Ac6/SystemWorkbench.app/Contents/Eclipse/plugins/fr.ac6.mcu.externaltools.arm-none.macos64_1.17.0.201812190825/tools/compiler/bin/../lib/gcc/arm-none-eabi/7.3.1/../../../../arm-none-eabi/lib/thumb/v7e-m/fpv4-sp/hard/libc_nano.a(lib_a-sprintf.o) (_svfprintf_r)
/Applications/Ac6/SystemWorkbench.app/Contents/Eclipse/plugins/fr.ac6.mcu.externaltools.arm-none.macos64_1.17.0.201812190825/tools/compiler/bin/../lib/gcc/arm-none-eabi/7.3.1/../../../../arm-none-eabi/lib/thumb/v7e-m/fpv4-sp/hard/libc_nano.a(lib_a-nano-vfprintf_i.o)
                              /Applications/Ac6/SystemWorkbench.app/Contents/Eclipse/plugins/fr.ac6.mcu.externaltools.arm-none.macos64_1.17.0.201812190825/tools/compiler/bin/../lib/gcc/arm-none-eabi/7.3.1/../../../../arm-none-eabi/lib/thumb/v7e-m/fpv4-sp/hard/libc_nano.a(lib_a-nano-svfprintf.o) (_printf_i)
/Applications/Ac6/SystemWorkbench.app/Contents/Eclipse/plugins/fr.ac6.mcu.externaltools.arm-none.macos64_1.17.0.201812190825/tools/compiler/bin/../lib/gcc/arm-none-eabi/7.3.1/../../../../arm-none-eabi/lib/thumb/v7e-m/fpv4-sp/hard/libc_nano.a(lib_a-memchr.o)
                              /Applications/Ac6/SystemWorkbench.app/Contents/Eclipse/plugins/fr.ac6.mcu.externaltools.arm-none.macos64_1.17.0.201812190825/tools/compiler/bin/../lib/gcc/arm-none-eabi/7.3.1/../../../../arm-none-eabi/lib/thumb/v7e-m/fpv4-sp/hard/libc_nano.a(lib_a-nano-svfprintf.o) (memchr)
[...]
Memory Configuration

Name             Origin             Length             Attributes
RAM              0x0000000020000000 0x0000000000003000 xrw
CCMRAM           0x0000000010000000 0x0000000000001000 rw
FLASH            0x0000000008000000 0x0000000000010000 xr
*default*        0x0000000000000000 0xffffffffffffffff

Linker script and memory map

LOAD /Applications/Ac6/SystemWorkbench.app/Contents/Eclipse/plugins/fr.ac6.mcu.externaltools.arm-none.macos64_1.17.0.201812190825/tools/compiler/bin/../lib/gcc/arm-none-eabi/7.3.1/thumb/v7e-m/fpv4-sp/hard/crti.o
LOAD /Applications/Ac6/SystemWorkbench.app/Contents/Eclipse/plugins/fr.ac6.mcu.externaltools.arm-none.macos64_1.17.0.201812190825/tools/compiler/bin/../lib/gcc/arm-none-eabi/7.3.1/thumb/v7e-m/fpv4-sp/hard/crtbegin.o
LOAD /Applications/Ac6/SystemWorkbench.app/Contents/Eclipse/plugins/fr.ac6.mcu.externaltools.arm-none.macos64_1.17.0.201812190825/tools/compiler/bin/../lib/gcc/arm-none-eabi/7.3.1/../../../../arm-none-eabi/lib/thumb/v7e-m/fpv4-sp/hard/crt0.o
LOAD Drivers/STM32F3xx_HAL_Driver/Src/stm32f3xx_hal.o
LOAD Drivers/STM32F3xx_HAL_Driver/Src/stm32f3xx_hal_adc.o
LOAD Drivers/STM32F3xx_HAL_Driver/Src/stm32f3xx_hal_adc_ex.o
LOAD Drivers/STM32F3xx_HAL_Driver/Src/stm32f3xx_hal_cortex.o
LOAD Drivers/STM32F3xx_HAL_Driver/Src/stm32f3xx_hal_dma.o
LOAD Drivers/STM32F3xx_HAL_Driver/Src/stm32f3xx_hal_exti.o
LOAD Drivers/STM32F3xx_HAL_Driver/Src/stm32f3xx_hal_flash.o
LOAD Drivers/STM32F3xx_HAL_Driver/Src/stm32f3xx_hal_flash_ex.o
LOAD Drivers/STM32F3xx_HAL_Driver/Src/stm32f3xx_hal_gpio.o
LOAD Drivers/STM32F3xx_HAL_Driver/Src/stm32f3xx_hal_i2c.o
LOAD Drivers/STM32F3xx_HAL_Driver/Src/stm32f3xx_hal_i2c_ex.o
LOAD Drivers/STM32F3xx_HAL_Driver/Src/stm32f3xx_hal_pwr.o
LOAD Drivers/STM32F3xx_HAL_Driver/Src/stm32f3xx_hal_pwr_ex.o
LOAD Drivers/STM32F3xx_HAL_Driver/Src/stm32f3xx_hal_rcc.o
LOAD Drivers/STM32F3xx_HAL_Driver/Src/stm32f3xx_hal_rcc_ex.o
LOAD Drivers/STM32F3xx_HAL_Driver/Src/stm32f3xx_hal_tim.o
LOAD Drivers/STM32F3xx_HAL_Driver/Src/stm32f3xx_hal_tim_ex.o
LOAD Src/Level0.o
LOAD Src/Level1.o
LOAD Src/Level2.o
LOAD Src/lcd.o
LOAD Src/main.o
LOAD Src/stm32f3xx_hal_msp.o
LOAD Src/stm32f3xx_it.o
LOAD Src/syscalls.o
LOAD Src/system_stm32f3xx.o
LOAD startup/startup_stm32f334x8.o
LOAD /Applications/Ac6/SystemWorkbench.app/Contents/Eclipse/plugins/fr.ac6.mcu.externaltools.arm-none.macos64_1.17.0.201812190825/tools/compiler/bin/../lib/gcc/arm-none-eabi/7.3.1/../../../../arm-none-eabi/lib/thumb/v7e-m/fpv4-sp/hard/libm.a
START GROUP
LOAD /Applications/Ac6/SystemWorkbench.app/Contents/Eclipse/plugins/fr.ac6.mcu.externaltools.arm-none.macos64_1.17.0.201812190825/tools/compiler/bin/../lib/gcc/arm-none-eabi/7.3.1/thumb/v7e-m/fpv4-sp/hard/libgcc.a
LOAD /Applications/Ac6/SystemWorkbench.app/Contents/Eclipse/plugins/fr.ac6.mcu.externaltools.arm-none.macos64_1.17.0.201812190825/tools/compiler/bin/../lib/gcc/arm-none-eabi/7.3.1/../../../../arm-none-eabi/lib/thumb/v7e-m/fpv4-sp/hard/libc_nano.a
END GROUP
START GROUP
LOAD /Applications/Ac6/SystemWorkbench.app/Contents/Eclipse/plugins/fr.ac6.mcu.externaltools.arm-none.macos64_1.17.0.201812190825/tools/compiler/bin/../lib/gcc/arm-none-eabi/7.3.1/thumb/v7e-m/fpv4-sp/hard/libgcc.a
LOAD /Applications/Ac6/SystemWorkbench.app/Contents/Eclipse/plugins/fr.ac6.mcu.externaltools.arm-none.macos64_1.17.0.201812190825/tools/compiler/bin/../lib/gcc/arm-none-eabi/7.3.1/../../../../arm-none-eabi/lib/thumb/v7e-m/fpv4-sp/hard/libc_nano.a
LOAD /Applications/Ac6/SystemWorkbench.app/Contents/Eclipse/plugins/fr.ac6.mcu.externaltools.arm-none.macos64_1.17.0.201812190825/tools/compiler/bin/../lib/gcc/arm-none-eabi/7.3.1/../../../../arm-none-eabi/lib/thumb/v7e-m/fpv4-sp/hard/libnosys.a
END GROUP
START GROUP
LOAD /Applications/Ac6/SystemWorkbench.app/Contents/Eclipse/plugins/fr.ac6.mcu.externaltools.arm-none.macos64_1.17.0.201812190825/tools/compiler/bin/../lib/gcc/arm-none-eabi/7.3.1/thumb/v7e-m/fpv4-sp/hard/libgcc.a
LOAD /Applications/Ac6/SystemWorkbench.app/Contents/Eclipse/plugins/fr.ac6.mcu.externaltools.arm-none.macos64_1.17.0.201812190825/tools/compiler/bin/../lib/gcc/arm-none-eabi/7.3.1/../../../../arm-none-eabi/lib/thumb/v7e-m/fpv4-sp/hard/libc_nano.a
LOAD /Applications/Ac6/SystemWorkbench.app/Contents/Eclipse/plugins/fr.ac6.mcu.externaltools.arm-none.macos64_1.17.0.201812190825/tools/compiler/bin/../lib/gcc/arm-none-eabi/7.3.1/../../../../arm-none-eabi/lib/thumb/v7e-m/fpv4-sp/hard/libnosys.a
END GROUP
LOAD /Applications/Ac6/SystemWorkbench.app/Contents/Eclipse/plugins/fr.ac6.mcu.externaltools.arm-none.macos64_1.17.0.201812190825/tools/compiler/bin/../lib/gcc/arm-none-eabi/7.3.1/thumb/v7e-m/fpv4-sp/hard/crtend.o
LOAD /Applications/Ac6/SystemWorkbench.app/Contents/Eclipse/plugins/fr.ac6.mcu.externaltools.arm-none.macos64_1.17.0.201812190825/tools/compiler/bin/../lib/gcc/arm-none-eabi/7.3.1/thumb/v7e-m/fpv4-sp/hard/crtn.o
                0x0000000020003000                _estack = 0x20003000
                0x0000000000000200                _Min_Heap_Size = 0x200
                0x0000000000000400                _Min_Stack_Size = 0x400

.isr_vector     0x0000000008000000      0x188
                0x0000000008000000                . = ALIGN (0x4)
 *(.isr_vector)
 .isr_vector    0x0000000008000000      0x188 startup/startup_stm32f334x8.o
                0x0000000008000000                g_pfnVectors
                0x0000000008000188                . = ALIGN (0x4)

.text           0x0000000008000188     0x2298
                0x0000000008000188                . = ALIGN (0x4)
 *(.text)
 .text          0x0000000008000188       0x40 /Applications/Ac6/SystemWorkbench.app/Contents/Eclipse/plugins/fr.ac6.mcu.externaltools.arm-none.macos64_1.17.0.201812190825/tools/compiler/bin/../lib/gcc/arm-none-eabi/7.3.1/thumb/v7e-m/fpv4-sp/hard/crtbegin.o
 .text          0x00000000080001c8       0x10 /Applications/Ac6/SystemWorkbench.app/Contents/Eclipse/plugins/fr.ac6.mcu.externaltools.arm-none.macos64_1.17.0.201812190825/tools/compiler/bin/../lib/gcc/arm-none-eabi/7.3.1/../../../../arm-none-eabi/lib/thumb/v7e-m/fpv4-sp/hard/libc_nano.a(lib_a-strlen.o)
                0x00000000080001c8                strlen
 *(.text*)
 .text.HAL_InitTick
                0x00000000080001d8       0x48 Drivers/STM32F3xx_HAL_Driver/Src/stm32f3xx_hal.o
                0x00000000080001d8                HAL_InitTick
 .text.HAL_Init
                0x0000000008000220       0x24 Drivers/STM32F3xx_HAL_Driver/Src/stm32f3xx_hal.o
                0x0000000008000220                HAL_Init
 .text.HAL_IncTick
                0x0000000008000244       0x18 Drivers/STM32F3xx_HAL_Driver/Src/stm32f3xx_hal.o
                0x0000000008000244                HAL_IncTick
 .text.HAL_GetTick
                0x000000000800025c        0xc Drivers/STM32F3xx_HAL_Driver/Src/stm32f3xx_hal.o
                0x000000000800025c                HAL_GetTick
 .text.HAL_Delay
                0x0000000008000268       0x28 Drivers/STM32F3xx_HAL_Driver/Src/stm32f3xx_hal.o
                0x0000000008000268                HAL_Delay
 .text.HAL_ADC_ConvCpltCallback
                0x0000000008000290        0x2 Drivers/STM32F3xx_HAL_Driver/Src/stm32f3xx_hal_adc.o
                0x0000000008000290                HAL_ADC_ConvCpltCallback
 .text.HAL_ADC_LevelOutOfWindowCallback
                0x0000000008000292        0x2 Drivers/STM32F3xx_HAL_Driver/Src/stm32f3xx_hal_adc.o
                0x0000000008000292                HAL_ADC_LevelOutOfWindowCallback
 .text.HAL_ADC_ErrorCallback
                0x0000000008000294        0x2 Drivers/STM32F3xx_HAL_Driver/Src/stm32f3xx_hal_adc.o
                0x0000000008000294                HAL_ADC_ErrorCallback
 .text.ADC_Disable
                0x0000000008000296       0x7e Drivers/STM32F3xx_HAL_Driver/Src/stm32f3xx_hal_adc_ex.o
 .text.ADC_ConversionStop
                0x0000000008000314       0xd8 Drivers/STM32F3xx_HAL_Driver/Src/stm32f3xx_hal_adc_ex.o
 .text.ADC_Enable
                0x00000000080003ec       0x78 Drivers/STM32F3xx_HAL_Driver/Src/stm32f3xx_hal_adc_ex.o
 .text.HAL_ADC_Init
                0x0000000008000464      0x214 Drivers/STM32F3xx_HAL_Driver/Src/stm32f3xx_hal_adc_ex.o
                0x0000000008000464                HAL_ADC_Init
 .text.HAL_ADC_Start
                0x0000000008000678      0x104 Drivers/STM32F3xx_HAL_Driver/Src/stm32f3xx_hal_adc_ex.o
                0x0000000008000678                HAL_ADC_Start
 .text.HAL_ADC_Stop
                0x000000000800077c       0x4a Drivers/STM32F3xx_HAL_Driver/Src/stm32f3xx_hal_adc_ex.o
                0x000000000800077c                HAL_ADC_Stop
 *fill*         0x00000000080007c6        0x2 
 .text.HAL_ADC_PollForConversion
                0x00000000080007c8      0x114 Drivers/STM32F3xx_HAL_Driver/Src/stm32f3xx_hal_adc_ex.o
                0x00000000080007c8                HAL_ADC_PollForConversion
 .text.HAL_ADC_GetValue
                0x00000000080008dc        0x6 Drivers/STM32F3xx_HAL_Driver/Src/stm32f3xx_hal_adc_ex.o
                0x00000000080008dc                HAL_ADC_GetValue
 .text.HAL_ADCEx_InjectedConvCpltCallback
                0x00000000080008e2        0x2 Drivers/STM32F3xx_HAL_Driver/Src/stm32f3xx_hal_adc_ex.o
                0x00000000080008e2                HAL_ADCEx_InjectedConvCpltCallback
 .text.HAL_ADCEx_InjectedQueueOverflowCallback
                0x00000000080008e4        0x2 Drivers/STM32F3xx_HAL_Driver/Src/stm32f3xx_hal_adc_ex.o
                0x00000000080008e4                HAL_ADCEx_InjectedQueueOverflowCallback
 .text.HAL_ADCEx_LevelOutOfWindow2Callback
                0x00000000080008e6        0x2 Drivers/STM32F3xx_HAL_Driver/Src/stm32f3xx_hal_adc_ex.o
                0x00000000080008e6                HAL_ADCEx_LevelOutOfWindow2Callback
 .text.HAL_ADCEx_LevelOutOfWindow3Callback
                0x00000000080008e8        0x2 Drivers/STM32F3xx_HAL_Driver/Src/stm32f3xx_hal_adc_ex.o
                0x00000000080008e8                HAL_ADCEx_LevelOutOfWindow3Callback
 *fill*         0x00000000080008ea        0x2 
 .text.HAL_ADC_IRQHandler
                0x00000000080008ec      0x2c8 Drivers/STM32F3xx_HAL_Driver/Src/stm32f3xx_hal_adc_ex.o
                0x00000000080008ec                HAL_ADC_IRQHandler
 .text.HAL_ADC_ConfigChannel
                0x0000000008000bb4      0x370 Drivers/STM32F3xx_HAL_Driver/Src/stm32f3xx_hal_adc_ex.o
                0x0000000008000bb4                HAL_ADC_ConfigChannel
 .text.HAL_ADCEx_MultiModeConfigChannel
                0x0000000008000f24      0x114 Drivers/STM32F3xx_HAL_Driver/Src/stm32f3xx_hal_adc_ex.o
                0x0000000008000f24                HAL_ADCEx_MultiModeConfigChannel
 .text.HAL_NVIC_SetPriorityGrouping
                0x0000000008001038       0x24 Drivers/STM32F3xx_HAL_Driver/Src/stm32f3xx_hal_cortex.o
                0x0000000008001038                HAL_NVIC_SetPriorityGrouping
 .text.HAL_NVIC_SetPriority
                0x000000000800105c       0x68 Drivers/STM32F3xx_HAL_Driver/Src/stm32f3xx_hal_cortex.o
                0x000000000800105c                HAL_NVIC_SetPriority
 .text.HAL_NVIC_EnableIRQ
                0x00000000080010c4       0x1c Drivers/STM32F3xx_HAL_Driver/Src/stm32f3xx_hal_cortex.o
                0x00000000080010c4                HAL_NVIC_EnableIRQ
 .text.HAL_SYSTICK_Config
                0x00000000080010e0       0x2c Drivers/STM32F3xx_HAL_Driver/Src/stm32f3xx_hal_cortex.o
                0x00000000080010e0                HAL_SYSTICK_Config
 .text.HAL_GPIO_Init
                0x000000000800110c      0x188 Drivers/STM32F3xx_HAL_Driver/Src/stm32f3xx_hal_gpio.o
                0x000000000800110c                HAL_GPIO_Init
 .text.HAL_GPIO_ReadPin
                0x0000000008001294        0xe Drivers/STM32F3xx_HAL_Driver/Src/stm32f3xx_hal_gpio.o
                0x0000000008001294                HAL_GPIO_ReadPin
 .text.HAL_GPIO_WritePin
                0x00000000080012a2        0xa Drivers/STM32F3xx_HAL_Driver/Src/stm32f3xx_hal_gpio.o
                0x00000000080012a2                HAL_GPIO_WritePin
 .text.HAL_GPIO_TogglePin
                0x00000000080012ac       0x10 Drivers/STM32F3xx_HAL_Driver/Src/stm32f3xx_hal_gpio.o
                0x00000000080012ac                HAL_GPIO_TogglePin
 .text.HAL_RCC_OscConfig
                0x00000000080012bc      0x644 Drivers/STM32F3xx_HAL_Driver/Src/stm32f3xx_hal_rcc.o
                0x00000000080012bc                HAL_RCC_OscConfig
 .text.HAL_RCC_GetSysClockFreq
                0x0000000008001900       0x70 Drivers/STM32F3xx_HAL_Driver/Src/stm32f3xx_hal_rcc.o
                0x0000000008001900                HAL_RCC_GetSysClockFreq
 .text.HAL_RCC_ClockConfig
                0x0000000008001970      0x1a4 Drivers/STM32F3xx_HAL_Driver/Src/stm32f3xx_hal_rcc.o
                0x0000000008001970                HAL_RCC_ClockConfig
 .text.HAL_RCCEx_PeriphCLKConfig
                0x0000000008001b14      0x1ac Drivers/STM32F3xx_HAL_Driver/Src/stm32f3xx_hal_rcc_ex.o
                0x0000000008001b14                HAL_RCCEx_PeriphCLKConfig
 .text.Level0_readIlluminationLevel
                0x0000000008001cc0       0x22 Src/Level0.o
                0x0000000008001cc0                Level0_readIlluminationLevel
 .text.Level0_Construct
                0x0000000008001ce2        0xa Src/Level0.o
                0x0000000008001ce2                Level0_Construct
 .text.Level0_isIlluminated
                0x0000000008001cec        0xc Src/Level0.o
                0x0000000008001cec                Level0_isIlluminated
 .text.Level0_Run
                0x0000000008001cf8       0x2a Src/Level0.o
                0x0000000008001cf8                Level0_Run
 .text.Level1_readIlluminationLevel
                0x0000000008001d22       0x22 Src/Level1.o
                0x0000000008001d22                Level1_readIlluminationLevel
 .text.Level1_Construct
                0x0000000008001d44       0x12 Src/Level1.o
                0x0000000008001d44                Level1_Construct
 .text.Level1_isIlluminated
                0x0000000008001d56        0xc Src/Level1.o
                0x0000000008001d56                Level1_isIlluminated
 *fill*         0x0000000008001d62        0x2 
 .text.Level1_Run
                0x0000000008001d64       0x78 Src/Level1.o
                0x0000000008001d64                Level1_Run
 .text.Level2_readReedSwitchState
                0x0000000008001ddc       0x14 Src/Level2.o
                0x0000000008001ddc                Level2_readReedSwitchState
 .text.Level2_Construct
                0x0000000008001df0        0x8 Src/Level2.o
                0x0000000008001df0                Level2_Construct
 .text.Level2_isCircuitOpen
                0x0000000008001df8        0x8 Src/Level2.o
                0x0000000008001df8                Level2_isCircuitOpen
 .text.Level2_Run
                0x0000000008001e00       0x28 Src/Level2.o
                0x0000000008001e00                Level2_Run
 .text.lcd_write
                0x0000000008001e28       0x48 Src/lcd.o
 .text.lcd_write_command
                0x0000000008001e70       0x3a Src/lcd.o
 .text.lcd_write_data
                0x0000000008001eaa       0x3a Src/lcd.o
 .text.Lcd_init
                0x0000000008001ee4       0x40 Src/lcd.o
                0x0000000008001ee4                Lcd_init
 .text.Lcd_create
                0x0000000008001f24       0x46 Src/lcd.o
                0x0000000008001f24                Lcd_create
 .text.Lcd_string
                0x0000000008001f6a       0x22 Src/lcd.o
                0x0000000008001f6a                Lcd_string
 .text.Lcd_cursor
                0x0000000008001f8c       0x18 Src/lcd.o
                0x0000000008001f8c                Lcd_cursor
 .text.Lcd_clear
                0x0000000008001fa4        0xa Src/lcd.o
                0x0000000008001fa4                Lcd_clear
 *fill*         0x0000000008001fae        0x2 
 .text.MX_GPIO_Init
                0x0000000008001fb0       0x78 Src/main.o
 .text.MX_ADC1_Init
                0x0000000008002028       0x70 Src/main.o
 .text.SystemClock_Config
                0x0000000008002098       0x6a Src/main.o
                0x0000000008002098                SystemClock_Config
 *fill*         0x0000000008002102        0x2 
 .text.main     0x0000000008002104      0x174 Src/main.o
                0x0000000008002104                main
 .text.HAL_MspInit
                0x0000000008002278       0x30 Src/stm32f3xx_hal_msp.o
                0x0000000008002278                HAL_MspInit
 .text.HAL_ADC_MspInit
                0x00000000080022a8       0x6e Src/stm32f3xx_hal_msp.o
                0x00000000080022a8                HAL_ADC_MspInit
 .text.NMI_Handler
                0x0000000008002316        0x2 Src/stm32f3xx_it.o
                0x0000000008002316                NMI_Handler
 .text.HardFault_Handler
                0x0000000008002318        0x2 Src/stm32f3xx_it.o
                0x0000000008002318                HardFault_Handler
 .text.MemManage_Handler
                0x000000000800231a        0x2 Src/stm32f3xx_it.o
                0x000000000800231a                MemManage_Handler
 .text.BusFault_Handler
                0x000000000800231c        0x2 Src/stm32f3xx_it.o
                0x000000000800231c                BusFault_Handler
 .text.UsageFault_Handler
                0x000000000800231e        0x2 Src/stm32f3xx_it.o
                0x000000000800231e                UsageFault_Handler
 .text.SVC_Handler
                0x0000000008002320        0x2 Src/stm32f3xx_it.o
                0x0000000008002320                SVC_Handler
 .text.DebugMon_Handler
                0x0000000008002322        0x2 Src/stm32f3xx_it.o
                0x0000000008002322                DebugMon_Handler
 .text.PendSV_Handler
                0x0000000008002324        0x2 Src/stm32f3xx_it.o
                0x0000000008002324                PendSV_Handler
 .text.SysTick_Handler
                0x0000000008002326        0x8 Src/stm32f3xx_it.o
                0x0000000008002326                SysTick_Handler
 *fill*         0x000000000800232e        0x2 
 .text.ADC1_2_IRQHandler
                0x0000000008002330       0x10 Src/stm32f3xx_it.o
                0x0000000008002330                ADC1_2_IRQHandler
 .text.SystemInit
                0x0000000008002340       0x1c Src/system_stm32f3xx.o
                0x0000000008002340                SystemInit
 .text.Reset_Handler
                0x000000000800235c       0x50 startup/startup_stm32f334x8.o
                0x000000000800235c                Reset_Handler
 .text.Default_Handler
                0x00000000080023ac        0x2 startup/startup_stm32f334x8.o
                0x00000000080023ac                TIM1_BRK_TIM15_IRQHandler
                0x00000000080023ac                HRTIM1_Master_IRQHandler
                0x00000000080023ac                TIM1_CC_IRQHandler
                0x00000000080023ac                HRTIM1_FLT_IRQHandler
                0x00000000080023ac                PVD_IRQHandler
                0x00000000080023ac                HRTIM1_TIMD_IRQHandler
                0x00000000080023ac                TAMP_STAMP_IRQHandler
                0x00000000080023ac                EXTI3_IRQHandler
                0x00000000080023ac                EXTI0_IRQHandler
                0x00000000080023ac                FPU_IRQHandler
                0x00000000080023ac                CAN_TX_IRQHandler
                0x00000000080023ac                TIM1_UP_TIM16_IRQHandler
                0x00000000080023ac                HRTIM1_TIME_IRQHandler
                0x00000000080023ac                SPI1_IRQHandler
                0x00000000080023ac                CAN_SCE_IRQHandler
                0x00000000080023ac                HRTIM1_TIMC_IRQHandler
                0x00000000080023ac                DMA1_Channel4_IRQHandler
                0x00000000080023ac                USART3_IRQHandler
                0x00000000080023ac                DMA1_Channel7_IRQHandler
                0x00000000080023ac                TIM7_DAC2_IRQHandler
                0x00000000080023ac                CAN_RX1_IRQHandler
                0x00000000080023ac                I2C1_EV_IRQHandler
                0x00000000080023ac                DMA1_Channel6_IRQHandler
                0x00000000080023ac                TIM3_IRQHandler
                0x00000000080023ac                RCC_IRQHandler
                0x00000000080023ac                DMA1_Channel1_IRQHandler
                0x00000000080023ac                Default_Handler
                0x00000000080023ac                EXTI15_10_IRQHandler
                0x00000000080023ac                COMP2_IRQHandler
                0x00000000080023ac                HRTIM1_TIMA_IRQHandler
                0x00000000080023ac                TIM6_DAC1_IRQHandler
                0x00000000080023ac                EXTI9_5_IRQHandler
                0x00000000080023ac                RTC_WKUP_IRQHandler
                0x00000000080023ac                DMA1_Channel5_IRQHandler
                0x00000000080023ac                EXTI4_IRQHandler
                0x00000000080023ac                HRTIM1_TIMB_IRQHandler
                0x00000000080023ac                TIM1_TRG_COM_TIM17_IRQHandler
                0x00000000080023ac                DMA1_Channel3_IRQHandler
                0x00000000080023ac                WWDG_IRQHandler
                0x00000000080023ac                TIM2_IRQHandler
                0x00000000080023ac                EXTI1_IRQHandler
                0x00000000080023ac                COMP4_6_IRQHandler
                0x00000000080023ac                USART2_IRQHandler
                0x00000000080023ac                DMA1_Channel2_IRQHandler
                0x00000000080023ac                FLASH_IRQHandler
                0x00000000080023ac                USART1_IRQHandler
                0x00000000080023ac                CAN_RX0_IRQHandler
                0x00000000080023ac                I2C1_ER_IRQHandler
                0x00000000080023ac                EXTI2_TSC_IRQHandler
                0x00000000080023ac                RTC_Alarm_IRQHandler
 *fill*         0x00000000080023ae        0x2 
 .text.__libc_init_array
                0x00000000080023b0       0x48 /Applications/Ac6/SystemWorkbench.app/Contents/Eclipse/plugins/fr.ac6.mcu.externaltools.arm-none.macos64_1.17.0.201812190825/tools/compiler/bin/../lib/gcc/arm-none-eabi/7.3.1/../../../../arm-none-eabi/lib/thumb/v7e-m/fpv4-sp/hard/libc_nano.a(lib_a-init.o)
                0x00000000080023b0                __libc_init_array
 .text.memset   0x00000000080023f8       0x10 /Applications/Ac6/SystemWorkbench.app/Contents/Eclipse/plugins/fr.ac6.mcu.externaltools.arm-none.macos64_1.17.0.201812190825/tools/compiler/bin/../lib/gcc/arm-none-eabi/7.3.1/../../../../arm-none-eabi/lib/thumb/v7e-m/fpv4-sp/hard/libc_nano.a(lib_a-memset.o)
                0x00000000080023f8                memset
 *(.glue_7)
 .glue_7        0x0000000008002408        0x0 linker stubs
 *(.glue_7t)
 .glue_7t       0x0000000008002408        0x0 linker stubs
 *(.eh_frame)
 .eh_frame      0x0000000008002408        0x0 /Applications/Ac6/SystemWorkbench.app/Contents/Eclipse/plugins/fr.ac6.mcu.externaltools.arm-none.macos64_1.17.0.201812190825/tools/compiler/bin/../lib/gcc/arm-none-eabi/7.3.1/thumb/v7e-m/fpv4-sp/hard/crtbegin.o
 *(.init)
 .init          0x0000000008002408        0x4 /Applications/Ac6/SystemWorkbench.app/Contents/Eclipse/plugins/fr.ac6.mcu.externaltools.arm-none.macos64_1.17.0.201812190825/tools/compiler/bin/../lib/gcc/arm-none-eabi/7.3.1/thumb/v7e-m/fpv4-sp/hard/crti.o
                0x0000000008002408                _init
 .init          0x000000000800240c        0x8 /Applications/Ac6/SystemWorkbench.app/Contents/Eclipse/plugins/fr.ac6.mcu.externaltools.arm-none.macos64_1.17.0.201812190825/tools/compiler/bin/../lib/gcc/arm-none-eabi/7.3.1/thumb/v7e-m/fpv4-sp/hard/crtn.o
 *(.fini)
 .fini          0x0000000008002414        0x4 /Applications/Ac6/SystemWorkbench.app/Contents/Eclipse/plugins/fr.ac6.mcu.externaltools.arm-none.macos64_1.17.0.201812190825/tools/compiler/bin/../lib/gcc/arm-none-eabi/7.3.1/thumb/v7e-m/fpv4-sp/hard/crti.o
                0x0000000008002414                _fini
 .fini          0x0000000008002418        0x8 /Applications/Ac6/SystemWorkbench.app/Contents/Eclipse/plugins/fr.ac6.mcu.externaltools.arm-none.macos64_1.17.0.201812190825/tools/compiler/bin/../lib/gcc/arm-none-eabi/7.3.1/thumb/v7e-m/fpv4-sp/hard/crtn.o
                0x0000000008002420                . = ALIGN (0x4)
                0x0000000008002420                _etext = .

.vfp11_veneer   0x0000000008002420        0x0
 .vfp11_veneer  0x0000000008002420        0x0 linker stubs

.v4_bx          0x0000000008002420        0x0
 .v4_bx         0x0000000008002420        0x0 linker stubs

.iplt           0x0000000008002420        0x0
 .iplt          0x0000000008002420        0x0 /Applications/Ac6/SystemWorkbench.app/Contents/Eclipse/plugins/fr.ac6.mcu.externaltools.arm-none.macos64_1.17.0.201812190825/tools/compiler/bin/../lib/gcc/arm-none-eabi/7.3.1/thumb/v7e-m/fpv4-sp/hard/crtbegin.o

.rodata         0x0000000008002420       0xbc
                0x0000000008002420                . = ALIGN (0x4)
 *(.rodata)
 .rodata        0x0000000008002420       0x20 Drivers/STM32F3xx_HAL_Driver/Src/stm32f3xx_hal_rcc.o
                0x0000000008002420                aPLLMULFactorTable
                0x0000000008002430                aPredivFactorTable
 .rodata        0x0000000008002440        0x8 Src/lcd.o
                0x0000000008002440                ROW_16
                0x0000000008002444                ROW_20
 .rodata        0x0000000008002448       0x18 Src/main.o
 .rodata        0x0000000008002460       0x18 Src/system_stm32f3xx.o
                0x0000000008002460                AHBPrescTable
                0x0000000008002470                APBPrescTable
 *(.rodata*)
 .rodata.str1.4
                0x0000000008002478       0x64 Src/main.o
                0x00000000080024dc                . = ALIGN (0x4)

.rel.dyn        0x00000000080024dc        0x0
 .rel.iplt      0x00000000080024dc        0x0 /Applications/Ac6/SystemWorkbench.app/Contents/Eclipse/plugins/fr.ac6.mcu.externaltools.arm-none.macos64_1.17.0.201812190825/tools/compiler/bin/../lib/gcc/arm-none-eabi/7.3.1/thumb/v7e-m/fpv4-sp/hard/crtbegin.o

.ARM.extab
 *(.ARM.extab* .gnu.linkonce.armextab.*)

.ARM            0x00000000080024dc        0x0
                0x00000000080024dc                __exidx_start = .
 *(.ARM.exidx*)
                0x00000000080024dc                __exidx_end = .

.preinit_array  0x00000000080024dc        0x0
                0x00000000080024dc                PROVIDE (__preinit_array_start = .)
 *(.preinit_array*)
                0x00000000080024dc                PROVIDE (__preinit_array_end = .)

.init_array     0x00000000080024dc        0x4
                0x00000000080024dc                PROVIDE (__init_array_start = .)
 *(SORT_BY_NAME(.init_array.*))
 *(.init_array*)
 .init_array    0x00000000080024dc        0x4 /Applications/Ac6/SystemWorkbench.app/Contents/Eclipse/plugins/fr.ac6.mcu.externaltools.arm-none.macos64_1.17.0.201812190825/tools/compiler/bin/../lib/gcc/arm-none-eabi/7.3.1/thumb/v7e-m/fpv4-sp/hard/crtbegin.o
                0x00000000080024e0                PROVIDE (__init_array_end = .)

.fini_array     0x00000000080024e0        0x4
                [!provide]                        PROVIDE (__fini_array_start = .)
 *(SORT_BY_NAME(.fini_array.*))
 *(.fini_array*)
 .fini_array    0x00000000080024e0        0x4 /Applications/Ac6/SystemWorkbench.app/Contents/Eclipse/plugins/fr.ac6.mcu.externaltools.arm-none.macos64_1.17.0.201812190825/tools/compiler/bin/../lib/gcc/arm-none-eabi/7.3.1/thumb/v7e-m/fpv4-sp/hard/crtbegin.o
                [!provide]                        PROVIDE (__fini_array_end = .)
                0x00000000080024e4                _sidata = LOADADDR (.data)

.data           0x0000000020000000        0xc load address 0x00000000080024e4
                0x0000000020000000                . = ALIGN (0x4)
                0x0000000020000000                _sdata = .
 *(.data)
 .data          0x0000000020000000        0x8 Drivers/STM32F3xx_HAL_Driver/Src/stm32f3xx_hal.o
                0x0000000020000000                uwTickFreq
                0x0000000020000004                uwTickPrio
 .data          0x0000000020000008        0x4 Src/system_stm32f3xx.o
                0x0000000020000008                SystemCoreClock
 *(.data*)
                0x000000002000000c                . = ALIGN (0x4)
                0x000000002000000c                _edata = .
                0x00000000080024f0                _siccmram = LOADADDR (.ccmram)

.igot.plt       0x000000002000000c        0x0 load address 0x00000000080024f0
 .igot.plt      0x000000002000000c        0x0 /Applications/Ac6/SystemWorkbench.app/Contents/Eclipse/plugins/fr.ac6.mcu.externaltools.arm-none.macos64_1.17.0.201812190825/tools/compiler/bin/../lib/gcc/arm-none-eabi/7.3.1/thumb/v7e-m/fpv4-sp/hard/crtbegin.o

.ccmram         0x0000000010000000        0x0 load address 0x00000000080024f0
                0x0000000010000000                . = ALIGN (0x4)
                0x0000000010000000                _sccmram = .
 *(.ccmram)
 *(.ccmram*)
                0x0000000010000000                . = ALIGN (0x4)
                0x0000000010000000                _eccmram = .
                0x0000000010000000                . = ALIGN (0x4)

.bss            0x000000002000000c       0x70
                0x000000002000000c                _sbss = .
                0x000000002000000c                __bss_start__ = _sbss
 *(.bss)
 .bss           0x000000002000000c       0x1c /Applications/Ac6/SystemWorkbench.app/Contents/Eclipse/plugins/fr.ac6.mcu.externaltools.arm-none.macos64_1.17.0.201812190825/tools/compiler/bin/../lib/gcc/arm-none-eabi/7.3.1/thumb/v7e-m/fpv4-sp/hard/crtbegin.o
 *(.bss*)
 *(COMMON)
 COMMON         0x0000000020000028        0x4 Drivers/STM32F3xx_HAL_Driver/Src/stm32f3xx_hal.o
                0x0000000020000028                uwTick
 COMMON         0x000000002000002c       0x50 Src/main.o
                0x000000002000002c                hadc1
                0x000000002000007c                . = ALIGN (0x4)
                0x000000002000007c                _ebss = .
                0x000000002000007c                __bss_end__ = _ebss

._user_heap_stack
                0x000000002000007c      0x604
                0x0000000020000080                . = ALIGN (0x8)
 *fill*         0x000000002000007c        0x4 
                0x0000000020000080                PROVIDE (end = .)
                [!provide]                        PROVIDE (_end = .)
                0x0000000020000280                . = (. + _Min_Heap_Size)
 *fill*         0x0000000020000080      0x200 
                0x0000000020000680                . = (. + _Min_Stack_Size)
 *fill*         0x0000000020000280      0x400 
                0x0000000020000680                . = ALIGN (0x8)

/DISCARD/
 libc.a(*)
 libm.a(*)
 libgcc.a(*)

.ARM.attributes
                0x0000000000000000       0x30
 *(.ARM.attributes)
 .ARM.attributes
                0x0000000000000000       0x22 /Applications/Ac6/SystemWorkbench.app/Contents/Eclipse/plugins/fr.ac6.mcu.externaltools.arm-none.macos64_1.17.0.201812190825/tools/compiler/bin/../lib/gcc/arm-none-eabi/7.3.1/thumb/v7e-m/fpv4-sp/hard/crti.o
 .ARM.attributes
                0x0000000000000022       0x34 /Applications/Ac6/SystemWorkbench.app/Contents/Eclipse/plugins/fr.ac6.mcu.externaltools.arm-none.macos64_1.17.0.201812190825/tools/compiler/bin/../lib/gcc/arm-none-eabi/7.3.1/thumb/v7e-m/fpv4-sp/hard/crtbegin.o
 .ARM.attributes
                0x0000000000000056       0x39 Drivers/STM32F3xx_HAL_Driver/Src/stm32f3xx_hal.o
 .ARM.attributes
                0x000000000000008f       0x39 Drivers/STM32F3xx_HAL_Driver/Src/stm32f3xx_hal_adc.o
 .ARM.attributes
                0x00000000000000c8       0x39 Drivers/STM32F3xx_HAL_Driver/Src/stm32f3xx_hal_adc_ex.o
 .ARM.attributes
                0x0000000000000101       0x39 Drivers/STM32F3xx_HAL_Driver/Src/stm32f3xx_hal_cortex.o
 .ARM.attributes
                0x000000000000013a       0x39 Drivers/STM32F3xx_HAL_Driver/Src/stm32f3xx_hal_gpio.o
 .ARM.attributes
                0x0000000000000173       0x39 Drivers/STM32F3xx_HAL_Driver/Src/stm32f3xx_hal_rcc.o
 .ARM.attributes
                0x00000000000001ac       0x39 Drivers/STM32F3xx_HAL_Driver/Src/stm32f3xx_hal_rcc_ex.o
 .ARM.attributes
                0x00000000000001e5       0x39 Src/Level0.o
 .ARM.attributes
                0x000000000000021e       0x39 Src/Level1.o
 .ARM.attributes
                0x0000000000000257       0x39 Src/Level2.o
 .ARM.attributes
                0x0000000000000290       0x39 Src/lcd.o
 .ARM.attributes
                0x00000000000002c9       0x39 Src/main.o
 .ARM.attributes
                0x0000000000000302       0x39 Src/stm32f3xx_hal_msp.o
 .ARM.attributes
                0x000000000000033b       0x39 Src/stm32f3xx_it.o
 .ARM.attributes
                0x0000000000000374       0x39 Src/system_stm32f3xx.o
 .ARM.attributes
                0x00000000000003ad       0x21 startup/startup_stm32f334x8.o
 .ARM.attributes
                0x00000000000003ce       0x34 /Applications/Ac6/SystemWorkbench.app/Contents/Eclipse/plugins/fr.ac6.mcu.externaltools.arm-none.macos64_1.17.0.201812190825/tools/compiler/bin/../lib/gcc/arm-none-eabi/7.3.1/../../../../arm-none-eabi/lib/thumb/v7e-m/fpv4-sp/hard/libc_nano.a(lib_a-init.o)
 .ARM.attributes
                0x0000000000000402       0x34 /Applications/Ac6/SystemWorkbench.app/Contents/Eclipse/plugins/fr.ac6.mcu.externaltools.arm-none.macos64_1.17.0.201812190825/tools/compiler/bin/../lib/gcc/arm-none-eabi/7.3.1/../../../../arm-none-eabi/lib/thumb/v7e-m/fpv4-sp/hard/libc_nano.a(lib_a-memset.o)
 .ARM.attributes
                0x0000000000000436       0x1b /Applications/Ac6/SystemWorkbench.app/Contents/Eclipse/plugins/fr.ac6.mcu.externaltools.arm-none.macos64_1.17.0.201812190825/tools/compiler/bin/../lib/gcc/arm-none-eabi/7.3.1/../../../../arm-none-eabi/lib/thumb/v7e-m/fpv4-sp/hard/libc_nano.a(lib_a-strlen.o)
 .ARM.attributes
                0x0000000000000451       0x22 /Applications/Ac6/SystemWorkbench.app/Contents/Eclipse/plugins/fr.ac6.mcu.externaltools.arm-none.macos64_1.17.0.201812190825/tools/compiler/bin/../lib/gcc/arm-none-eabi/7.3.1/thumb/v7e-m/fpv4-sp/hard/crtn.o
OUTPUT(BOX.elf elf32-littlearm)

.debug_info     0x0000000000000000     0xb9ff
 .debug_info    0x0000000000000000      0x82e Drivers/STM32F3xx_HAL_Driver/Src/stm32f3xx_hal.o
 .debug_info    0x000000000000082e      0xbcf Drivers/STM32F3xx_HAL_Driver/Src/stm32f3xx_hal_adc.o
 .debug_info    0x00000000000013fd     0x1b72 Drivers/STM32F3xx_HAL_Driver/Src/stm32f3xx_hal_adc_ex.o
 .debug_info    0x0000000000002f6f      0xce3 Drivers/STM32F3xx_HAL_Driver/Src/stm32f3xx_hal_cortex.o
 .debug_info    0x0000000000003c52      0x7bb Drivers/STM32F3xx_HAL_Driver/Src/stm32f3xx_hal_gpio.o
 .debug_info    0x000000000000440d     0x1471 Drivers/STM32F3xx_HAL_Driver/Src/stm32f3xx_hal_rcc.o
 .debug_info    0x000000000000587e      0x69d Drivers/STM32F3xx_HAL_Driver/Src/stm32f3xx_hal_rcc_ex.o
 .debug_info    0x0000000000005f1b      0x8c5 Src/Level0.o
 .debug_info    0x00000000000067e0      0xa46 Src/Level1.o
 .debug_info    0x0000000000007226      0x39f Src/Level2.o
 .debug_info    0x00000000000075c5     0x106c Src/lcd.o
 .debug_info    0x0000000000008631     0x1bd8 Src/main.o
 .debug_info    0x000000000000a209      0xbac Src/stm32f3xx_hal_msp.o
 .debug_info    0x000000000000adb5      0x7c8 Src/stm32f3xx_it.o
 .debug_info    0x000000000000b57d      0x460 Src/system_stm32f3xx.o
 .debug_info    0x000000000000b9dd       0x22 startup/startup_stm32f334x8.o

.debug_abbrev   0x0000000000000000     0x200e
 .debug_abbrev  0x0000000000000000      0x1ed Drivers/STM32F3xx_HAL_Driver/Src/stm32f3xx_hal.o
 .debug_abbrev  0x00000000000001ed      0x196 Drivers/STM32F3xx_HAL_Driver/Src/stm32f3xx_hal_adc.o
 .debug_abbrev  0x0000000000000383      0x2ab Drivers/STM32F3xx_HAL_Driver/Src/stm32f3xx_hal_adc_ex.o
 .debug_abbrev  0x000000000000062e      0x303 Drivers/STM32F3xx_HAL_Driver/Src/stm32f3xx_hal_cortex.o
 .debug_abbrev  0x0000000000000931      0x1de Drivers/STM32F3xx_HAL_Driver/Src/stm32f3xx_hal_gpio.o
 .debug_abbrev  0x0000000000000b0f      0x2a9 Drivers/STM32F3xx_HAL_Driver/Src/stm32f3xx_hal_rcc.o
 .debug_abbrev  0x0000000000000db8      0x24b Drivers/STM32F3xx_HAL_Driver/Src/stm32f3xx_hal_rcc_ex.o
 .debug_abbrev  0x0000000000001003      0x205 Src/Level0.o
 .debug_abbrev  0x0000000000001208      0x1fa Src/Level1.o
 .debug_abbrev  0x0000000000001402      0x1a3 Src/Level2.o
 .debug_abbrev  0x00000000000015a5      0x2f0 Src/lcd.o
 .debug_abbrev  0x0000000000001895      0x2f2 Src/main.o
 .debug_abbrev  0x0000000000001b87      0x1c3 Src/stm32f3xx_hal_msp.o
 .debug_abbrev  0x0000000000001d4a      0x187 Src/stm32f3xx_it.o
 .debug_abbrev  0x0000000000001ed1      0x12b Src/system_stm32f3xx.o
 .debug_abbrev  0x0000000000001ffc       0x12 startup/startup_stm32f334x8.o

.debug_loc      0x0000000000000000     0x3a07
 .debug_loc     0x0000000000000000      0x11b Drivers/STM32F3xx_HAL_Driver/Src/stm32f3xx_hal.o
 .debug_loc     0x000000000000011b      0x1ef Drivers/STM32F3xx_HAL_Driver/Src/stm32f3xx_hal_adc.o
 .debug_loc     0x000000000000030a     0x1a3a Drivers/STM32F3xx_HAL_Driver/Src/stm32f3xx_hal_adc_ex.o
 .debug_loc     0x0000000000001d44      0x5ad Drivers/STM32F3xx_HAL_Driver/Src/stm32f3xx_hal_cortex.o
 .debug_loc     0x00000000000022f1      0x2de Drivers/STM32F3xx_HAL_Driver/Src/stm32f3xx_hal_gpio.o
 .debug_loc     0x00000000000025cf      0x96f Drivers/STM32F3xx_HAL_Driver/Src/stm32f3xx_hal_rcc.o
 .debug_loc     0x0000000000002f3e      0x4aa Drivers/STM32F3xx_HAL_Driver/Src/stm32f3xx_hal_rcc_ex.o
 .debug_loc     0x00000000000033e8       0xa5 Src/Level0.o
 .debug_loc     0x000000000000348d       0xc9 Src/Level1.o
 .debug_loc     0x0000000000003556       0x5d Src/Level2.o
 .debug_loc     0x00000000000035b3      0x2e1 Src/lcd.o
 .debug_loc     0x0000000000003894       0x74 Src/stm32f3xx_hal_msp.o
 .debug_loc     0x0000000000003908       0xff Src/system_stm32f3xx.o

.debug_aranges  0x0000000000000000      0x700
 .debug_aranges
                0x0000000000000000       0xe0 Drivers/STM32F3xx_HAL_Driver/Src/stm32f3xx_hal.o
 .debug_aranges
                0x00000000000000e0       0xc8 Drivers/STM32F3xx_HAL_Driver/Src/stm32f3xx_hal_adc.o
 .debug_aranges
                0x00000000000001a8      0x168 Drivers/STM32F3xx_HAL_Driver/Src/stm32f3xx_hal_adc_ex.o
 .debug_aranges
                0x0000000000000310       0x90 Drivers/STM32F3xx_HAL_Driver/Src/stm32f3xx_hal_cortex.o
 .debug_aranges
                0x00000000000003a0       0x58 Drivers/STM32F3xx_HAL_Driver/Src/stm32f3xx_hal_gpio.o
 .debug_aranges
                0x00000000000003f8       0x88 Drivers/STM32F3xx_HAL_Driver/Src/stm32f3xx_hal_rcc.o
 .debug_aranges
                0x0000000000000480       0x38 Drivers/STM32F3xx_HAL_Driver/Src/stm32f3xx_hal_rcc_ex.o
 .debug_aranges
                0x00000000000004b8       0x40 Src/Level0.o
 .debug_aranges
                0x00000000000004f8       0x40 Src/Level1.o
 .debug_aranges
                0x0000000000000538       0x40 Src/Level2.o
 .debug_aranges
                0x0000000000000578       0x60 Src/lcd.o
 .debug_aranges
                0x00000000000005d8       0x40 Src/main.o
 .debug_aranges
                0x0000000000000618       0x30 Src/stm32f3xx_hal_msp.o
 .debug_aranges
                0x0000000000000648       0x68 Src/stm32f3xx_it.o
 .debug_aranges
                0x00000000000006b0       0x28 Src/system_stm32f3xx.o
 .debug_aranges
                0x00000000000006d8       0x28 startup/startup_stm32f334x8.o

.debug_ranges   0x0000000000000000      0x6a0
 .debug_ranges  0x0000000000000000       0xd0 Drivers/STM32F3xx_HAL_Driver/Src/stm32f3xx_hal.o
 .debug_ranges  0x00000000000000d0       0xb8 Drivers/STM32F3xx_HAL_Driver/Src/stm32f3xx_hal_adc.o
 .debug_ranges  0x0000000000000188      0x158 Drivers/STM32F3xx_HAL_Driver/Src/stm32f3xx_hal_adc_ex.o
 .debug_ranges  0x00000000000002e0       0xe0 Drivers/STM32F3xx_HAL_Driver/Src/stm32f3xx_hal_cortex.o
 .debug_ranges  0x00000000000003c0       0x48 Drivers/STM32F3xx_HAL_Driver/Src/stm32f3xx_hal_gpio.o
 .debug_ranges  0x0000000000000408       0x98 Drivers/STM32F3xx_HAL_Driver/Src/stm32f3xx_hal_rcc.o
 .debug_ranges  0x00000000000004a0       0x40 Drivers/STM32F3xx_HAL_Driver/Src/stm32f3xx_hal_rcc_ex.o
 .debug_ranges  0x00000000000004e0       0x30 Src/Level0.o
 .debug_ranges  0x0000000000000510       0x30 Src/Level1.o
 .debug_ranges  0x0000000000000540       0x30 Src/Level2.o
 .debug_ranges  0x0000000000000570       0x50 Src/lcd.o
 .debug_ranges  0x00000000000005c0       0x30 Src/main.o
 .debug_ranges  0x00000000000005f0       0x20 Src/stm32f3xx_hal_msp.o
 .debug_ranges  0x0000000000000610       0x58 Src/stm32f3xx_it.o
 .debug_ranges  0x0000000000000668       0x18 Src/system_stm32f3xx.o
 .debug_ranges  0x0000000000000680       0x20 startup/startup_stm32f334x8.o

.debug_macro    0x0000000000000000    0x1c099
 .debug_macro   0x0000000000000000      0x1d2 Drivers/STM32F3xx_HAL_Driver/Src/stm32f3xx_hal.o
 .debug_macro   0x00000000000001d2      0xa60 Drivers/STM32F3xx_HAL_Driver/Src/stm32f3xx_hal.o
 .debug_macro   0x0000000000000c32      0x151 Drivers/STM32F3xx_HAL_Driver/Src/stm32f3xx_hal.o
 .debug_macro   0x0000000000000d83       0x2e Drivers/STM32F3xx_HAL_Driver/Src/stm32f3xx_hal.o
 .debug_macro   0x0000000000000db1       0x28 Drivers/STM32F3xx_HAL_Driver/Src/stm32f3xx_hal.o
 .debug_macro   0x0000000000000dd9       0x22 Drivers/STM32F3xx_HAL_Driver/Src/stm32f3xx_hal.o
 .debug_macro   0x0000000000000dfb       0x8e Drivers/STM32F3xx_HAL_Driver/Src/stm32f3xx_hal.o
 .debug_macro   0x0000000000000e89       0x51 Drivers/STM32F3xx_HAL_Driver/Src/stm32f3xx_hal.o
 .debug_macro   0x0000000000000eda       0xef Drivers/STM32F3xx_HAL_Driver/Src/stm32f3xx_hal.o
 .debug_macro   0x0000000000000fc9       0x6a Drivers/STM32F3xx_HAL_Driver/Src/stm32f3xx_hal.o
 .debug_macro   0x0000000000001033      0x1df Drivers/STM32F3xx_HAL_Driver/Src/stm32f3xx_hal.o
 .debug_macro   0x0000000000001212       0x1c Drivers/STM32F3xx_HAL_Driver/Src/stm32f3xx_hal.o
 .debug_macro   0x000000000000122e       0x22 Drivers/STM32F3xx_HAL_Driver/Src/stm32f3xx_hal.o
 .debug_macro   0x0000000000001250       0xdf Drivers/STM32F3xx_HAL_Driver/Src/stm32f3xx_hal.o
 .debug_macro   0x000000000000132f      0xf07 Drivers/STM32F3xx_HAL_Driver/Src/stm32f3xx_hal.o
 .debug_macro   0x0000000000002236    0x15464 Drivers/STM32F3xx_HAL_Driver/Src/stm32f3xx_hal.o
 .debug_macro   0x000000000001769a       0x43 Drivers/STM32F3xx_HAL_Driver/Src/stm32f3xx_hal.o
 .debug_macro   0x00000000000176dd      0x174 Drivers/STM32F3xx_HAL_Driver/Src/stm32f3xx_hal.o
 .debug_macro   0x0000000000017851       0x47 Drivers/STM32F3xx_HAL_Driver/Src/stm32f3xx_hal.o
 .debug_macro   0x0000000000017898      0x8f9 Drivers/STM32F3xx_HAL_Driver/Src/stm32f3xx_hal.o
 .debug_macro   0x0000000000018191      0x358 Drivers/STM32F3xx_HAL_Driver/Src/stm32f3xx_hal.o
 .debug_macro   0x00000000000184e9      0x12f Drivers/STM32F3xx_HAL_Driver/Src/stm32f3xx_hal.o
 .debug_macro   0x0000000000018618      0x130 Drivers/STM32F3xx_HAL_Driver/Src/stm32f3xx_hal.o
 .debug_macro   0x0000000000018748      0x1d5 Drivers/STM32F3xx_HAL_Driver/Src/stm32f3xx_hal.o
 .debug_macro   0x000000000001891d      0x1bc Drivers/STM32F3xx_HAL_Driver/Src/stm32f3xx_hal.o
 .debug_macro   0x0000000000018ad9       0x34 Drivers/STM32F3xx_HAL_Driver/Src/stm32f3xx_hal.o
 .debug_macro   0x0000000000018b0d       0x3c Drivers/STM32F3xx_HAL_Driver/Src/stm32f3xx_hal.o
 .debug_macro   0x0000000000018b49       0x57 Drivers/STM32F3xx_HAL_Driver/Src/stm32f3xx_hal.o
 .debug_macro   0x0000000000018ba0      0x845 Drivers/STM32F3xx_HAL_Driver/Src/stm32f3xx_hal.o
 .debug_macro   0x00000000000193e5       0x77 Drivers/STM32F3xx_HAL_Driver/Src/stm32f3xx_hal.o
 .debug_macro   0x000000000001945c       0xc5 Drivers/STM32F3xx_HAL_Driver/Src/stm32f3xx_hal.o
 .debug_macro   0x0000000000019521      0x19f Drivers/STM32F3xx_HAL_Driver/Src/stm32f3xx_hal.o
 .debug_macro   0x00000000000196c0      0x22c Drivers/STM32F3xx_HAL_Driver/Src/stm32f3xx_hal.o
 .debug_macro   0x00000000000198ec       0x58 Drivers/STM32F3xx_HAL_Driver/Src/stm32f3xx_hal.o
 .debug_macro   0x0000000000019944       0xa5 Drivers/STM32F3xx_HAL_Driver/Src/stm32f3xx_hal.o
 .debug_macro   0x00000000000199e9       0x81 Drivers/STM32F3xx_HAL_Driver/Src/stm32f3xx_hal.o
 .debug_macro   0x0000000000019a6a       0xd3 Drivers/STM32F3xx_HAL_Driver/Src/stm32f3xx_hal.o
 .debug_macro   0x0000000000019b3d      0x2a1 Drivers/STM32F3xx_HAL_Driver/Src/stm32f3xx_hal.o
 .debug_macro   0x0000000000019dde      0x1af Drivers/STM32F3xx_HAL_Driver/Src/stm32f3xx_hal_adc.o
 .debug_macro   0x0000000000019f8d      0x1d8 Drivers/STM32F3xx_HAL_Driver/Src/stm32f3xx_hal_adc_ex.o
 .debug_macro   0x000000000001a165      0x1ae Drivers/STM32F3xx_HAL_Driver/Src/stm32f3xx_hal_cortex.o
 .debug_macro   0x000000000001a313      0x1e6 Drivers/STM32F3xx_HAL_Driver/Src/stm32f3xx_hal_gpio.o
 .debug_macro   0x000000000001a4f9      0x1d2 Drivers/STM32F3xx_HAL_Driver/Src/stm32f3xx_hal_rcc.o
 .debug_macro   0x000000000001a6cb      0x1ae Drivers/STM32F3xx_HAL_Driver/Src/stm32f3xx_hal_rcc_ex.o
 .debug_macro   0x000000000001a879      0x1ca Src/Level0.o
 .debug_macro   0x000000000001aa43       0x22 Src/Level0.o
 .debug_macro   0x000000000001aa65       0x7c Src/Level0.o
 .debug_macro   0x000000000001aae1      0x1ca Src/Level1.o
 .debug_macro   0x000000000001acab      0x1ca Src/Level2.o
 .debug_macro   0x000000000001ae75      0x282 Src/lcd.o
 .debug_macro   0x000000000001b0f7       0x5e Src/lcd.o
 .debug_macro   0x000000000001b155       0x18 Src/lcd.o
 .debug_macro   0x000000000001b16d       0x35 Src/lcd.o
 .debug_macro   0x000000000001b1a2       0x34 Src/lcd.o
 .debug_macro   0x000000000001b1d6       0x58 Src/lcd.o
 .debug_macro   0x000000000001b22e       0x1f Src/lcd.o
 .debug_macro   0x000000000001b24d       0x43 Src/lcd.o
 .debug_macro   0x000000000001b290       0x20 Src/lcd.o
 .debug_macro   0x000000000001b2b0      0x18e Src/lcd.o
 .debug_macro   0x000000000001b43e      0x32a Src/lcd.o
 .debug_macro   0x000000000001b768       0x10 Src/lcd.o
 .debug_macro   0x000000000001b778       0x35 Src/lcd.o
 .debug_macro   0x000000000001b7ad       0x82 Src/lcd.o
 .debug_macro   0x000000000001b82f       0x9a Src/lcd.o
 .debug_macro   0x000000000001b8c9      0x298 Src/main.o
 .debug_macro   0x000000000001bb61      0x1bd Src/stm32f3xx_hal_msp.o
 .debug_macro   0x000000000001bd1e      0x1c7 Src/stm32f3xx_it.o
 .debug_macro   0x000000000001bee5      0x1b4 Src/system_stm32f3xx.o

.debug_line     0x0000000000000000     0x82e9
 .debug_line    0x0000000000000000      0x86c Drivers/STM32F3xx_HAL_Driver/Src/stm32f3xx_hal.o
 .debug_line    0x000000000000086c      0x822 Drivers/STM32F3xx_HAL_Driver/Src/stm32f3xx_hal_adc.o
 .debug_line    0x000000000000108e     0x141f Drivers/STM32F3xx_HAL_Driver/Src/stm32f3xx_hal_adc_ex.o
 .debug_line    0x00000000000024ad      0x87b Drivers/STM32F3xx_HAL_Driver/Src/stm32f3xx_hal_cortex.o
 .debug_line    0x0000000000002d28      0x7ec Drivers/STM32F3xx_HAL_Driver/Src/stm32f3xx_hal_gpio.o
 .debug_line    0x0000000000003514      0xba0 Drivers/STM32F3xx_HAL_Driver/Src/stm32f3xx_hal_rcc.o
 .debug_line    0x00000000000040b4      0x840 Drivers/STM32F3xx_HAL_Driver/Src/stm32f3xx_hal_rcc_ex.o
 .debug_line    0x00000000000048f4      0x6e8 Src/Level0.o
 .debug_line    0x0000000000004fdc      0x6f6 Src/Level1.o
 .debug_line    0x00000000000056d2      0x6e4 Src/Level2.o
 .debug_line    0x0000000000005db6      0x805 Src/lcd.o
 .debug_line    0x00000000000065bb      0x7fc Src/main.o
 .debug_line    0x0000000000006db7      0x6cc Src/stm32f3xx_hal_msp.o
 .debug_line    0x0000000000007483      0x735 Src/stm32f3xx_it.o
 .debug_line    0x0000000000007bb8      0x6b3 Src/system_stm32f3xx.o
 .debug_line    0x000000000000826b       0x7e startup/startup_stm32f334x8.o

.debug_str      0x0000000000000000    0xa0abe
 .debug_str     0x0000000000000000    0x9be57 Drivers/STM32F3xx_HAL_Driver/Src/stm32f3xx_hal.o
                                      0x9c134 (size before relaxing)
 .debug_str     0x000000000009be57      0x652 Drivers/STM32F3xx_HAL_Driver/Src/stm32f3xx_hal_adc.o
                                      0x9c054 (size before relaxing)
 .debug_str     0x000000000009c4a9      0x72d Drivers/STM32F3xx_HAL_Driver/Src/stm32f3xx_hal_adc_ex.o
                                      0x9c753 (size before relaxing)
 .debug_str     0x000000000009cbd6      0x2af Drivers/STM32F3xx_HAL_Driver/Src/stm32f3xx_hal_cortex.o
                                      0x9c0d0 (size before relaxing)
 .debug_str     0x000000000009ce85      0x2db Drivers/STM32F3xx_HAL_Driver/Src/stm32f3xx_hal_gpio.o
                                      0x9bd01 (size before relaxing)
 .debug_str     0x000000000009d160      0x414 Drivers/STM32F3xx_HAL_Driver/Src/stm32f3xx_hal_rcc.o
                                      0x9bebe (size before relaxing)
 .debug_str     0x000000000009d574      0x194 Drivers/STM32F3xx_HAL_Driver/Src/stm32f3xx_hal_rcc_ex.o
                                      0x9bbf9 (size before relaxing)
 .debug_str     0x000000000009d708      0x2c8 Src/Level0.o
                                      0x9c082 (size before relaxing)
 .debug_str     0x000000000009d9d0       0x94 Src/Level1.o
                                      0x9c128 (size before relaxing)
 .debug_str     0x000000000009da64       0x9b Src/Level2.o
                                      0x9bc74 (size before relaxing)
 .debug_str     0x000000000009daff     0x2dd5 Src/lcd.o
                                      0x9e990 (size before relaxing)
 .debug_str     0x00000000000a08d4       0x84 Src/main.o
                                      0x9f283 (size before relaxing)
 .debug_str     0x00000000000a0958       0x1b Src/stm32f3xx_hal_msp.o
                                      0x9c3fd (size before relaxing)
 .debug_str     0x00000000000a0973       0xb8 Src/stm32f3xx_it.o
                                      0x9c017 (size before relaxing)
 .debug_str     0x00000000000a0a2b       0x64 Src/system_stm32f3xx.o
                                      0x9ba38 (size before relaxing)
 .debug_str     0x00000000000a0a8f       0x2f startup/startup_stm32f334x8.o
                                         0x52 (size before relaxing)

.comment        0x0000000000000000       0x7f
 .comment       0x0000000000000000       0x7f Drivers/STM32F3xx_HAL_Driver/Src/stm32f3xx_hal.o
                                         0x80 (size before relaxing)
 .comment       0x000000000000007f       0x80 Drivers/STM32F3xx_HAL_Driver/Src/stm32f3xx_hal_adc.o
 .comment       0x000000000000007f       0x80 Drivers/STM32F3xx_HAL_Driver/Src/stm32f3xx_hal_adc_ex.o
 .comment       0x000000000000007f       0x80 Drivers/STM32F3xx_HAL_Driver/Src/stm32f3xx_hal_cortex.o
 .comment       0x000000000000007f       0x80 Drivers/STM32F3xx_HAL_Driver/Src/stm32f3xx_hal_gpio.o
 .comment       0x000000000000007f       0x80 Drivers/STM32F3xx_HAL_Driver/Src/stm32f3xx_hal_rcc.o
 .comment       0x000000000000007f       0x80 Drivers/STM32F3xx_HAL_Driver/Src/stm32f3xx_hal_rcc_ex.o
 .comment       0x000000000000007f       0x80 Src/Level0.o
 .comment       0x000000000000007f       0x80 Src/Level1.o
 .comment       0x000000000000007f       0x80 Src/Level2.o
 .comment       0x000000000000007f       0x80 Src/lcd.o
 .comment       0x000000000000007f       0x80 Src/main.o
 .comment       0x000000000000007f       0x80 Src/stm32f3xx_hal_msp.o
 .comment       0x000000000000007f       0x80 Src/stm32f3xx_it.o
 .comment       0x000000000000007f       0x80 Src/system_stm32f3xx.o

.debug_frame    0x0000000000000000     0x10b4
 .debug_frame   0x0000000000000000      0x1cc Drivers/STM32F3xx_HAL_Driver/Src/stm32f3xx_hal.o
 .debug_frame   0x00000000000001cc      0x170 Drivers/STM32F3xx_HAL_Driver/Src/stm32f3xx_hal_adc.o
 .debug_frame   0x000000000000033c      0x4cc Drivers/STM32F3xx_HAL_Driver/Src/stm32f3xx_hal_adc_ex.o
 .debug_frame   0x0000000000000808      0x12c Drivers/STM32F3xx_HAL_Driver/Src/stm32f3xx_hal_cortex.o
 .debug_frame   0x0000000000000934       0xd8 Drivers/STM32F3xx_HAL_Driver/Src/stm32f3xx_hal_gpio.o
 .debug_frame   0x0000000000000a0c      0x17c Drivers/STM32F3xx_HAL_Driver/Src/stm32f3xx_hal_rcc.o
 .debug_frame   0x0000000000000b88       0x7c Drivers/STM32F3xx_HAL_Driver/Src/stm32f3xx_hal_rcc_ex.o
 .debug_frame   0x0000000000000c04       0x78 Src/Level0.o
 .debug_frame   0x0000000000000c7c       0x78 Src/Level1.o
 .debug_frame   0x0000000000000cf4       0x74 Src/Level2.o
 .debug_frame   0x0000000000000d68      0x110 Src/lcd.o
 .debug_frame   0x0000000000000e78       0xa0 Src/main.o
 .debug_frame   0x0000000000000f18       0x60 Src/stm32f3xx_hal_msp.o
 .debug_frame   0x0000000000000f78       0xc0 Src/stm32f3xx_it.o
 .debug_frame   0x0000000000001038       0x30 Src/system_stm32f3xx.o
 .debug_frame   0x0000000000001068       0x2c /Applications/Ac6/SystemWorkbench.app/Contents/Eclipse/plugins/fr.ac6.mcu.externaltools.arm-none.macos64_1.17.0.201812190825/tools/compiler/bin/../lib/gcc/arm-none-eabi/7.3.1/../../../../arm-none-eabi/lib/thumb/v7e-m/fpv4-sp/hard/libc_nano.a(lib_a-init.o)
 .debug_frame   0x0000000000001094       0x20 /Applications/Ac6/SystemWorkbench.app/Contents/Eclipse/plugins/fr.ac6.mcu.externaltools.arm-none.macos64_1.17.0.201812190825/tools/compiler/bin/../lib/gcc/arm-none-eabi/7.3.1/../../../../arm-none-eabi/lib/thumb/v7e-m/fpv4-sp/hard/libc_nano.a(lib_a-memset.o)
