Archive member included to satisfy reference by file (symbol)

/opt/gcc-arm-none-eabi-9-2019-q4-major/bin/../lib/gcc/arm-none-eabi/9.2.1/../../../../arm-none-eabi/lib/thumb/v7e-m/nofp/libg_nano.a(lib_a-errno.o)
                              CMakeFiles/BOX.elf.dir/Src/syscalls.c.obj (__errno)
/opt/gcc-arm-none-eabi-9-2019-q4-major/bin/../lib/gcc/arm-none-eabi/9.2.1/../../../../arm-none-eabi/lib/thumb/v7e-m/nofp/libg_nano.a(lib_a-exit.o)
                              /opt/gcc-arm-none-eabi-9-2019-q4-major/bin/../lib/gcc/arm-none-eabi/9.2.1/../../../../arm-none-eabi/lib/thumb/v7e-m/nofp/crt0.o (exit)
/opt/gcc-arm-none-eabi-9-2019-q4-major/bin/../lib/gcc/arm-none-eabi/9.2.1/../../../../arm-none-eabi/lib/thumb/v7e-m/nofp/libg_nano.a(lib_a-impure.o)
                              /opt/gcc-arm-none-eabi-9-2019-q4-major/bin/../lib/gcc/arm-none-eabi/9.2.1/../../../../arm-none-eabi/lib/thumb/v7e-m/nofp/libg_nano.a(lib_a-exit.o) (_global_impure_ptr)
/opt/gcc-arm-none-eabi-9-2019-q4-major/bin/../lib/gcc/arm-none-eabi/9.2.1/../../../../arm-none-eabi/lib/thumb/v7e-m/nofp/libg_nano.a(lib_a-init.o)
                              /opt/gcc-arm-none-eabi-9-2019-q4-major/bin/../lib/gcc/arm-none-eabi/9.2.1/../../../../arm-none-eabi/lib/thumb/v7e-m/nofp/crt0.o (__libc_init_array)
/opt/gcc-arm-none-eabi-9-2019-q4-major/bin/../lib/gcc/arm-none-eabi/9.2.1/../../../../arm-none-eabi/lib/thumb/v7e-m/nofp/libg_nano.a(lib_a-malloc.o)
                              CMakeFiles/BOX.elf.dir/Src/Level0.c.obj (malloc)
/opt/gcc-arm-none-eabi-9-2019-q4-major/bin/../lib/gcc/arm-none-eabi/9.2.1/../../../../arm-none-eabi/lib/thumb/v7e-m/nofp/libg_nano.a(lib_a-memset.o)
                              /opt/gcc-arm-none-eabi-9-2019-q4-major/bin/../lib/gcc/arm-none-eabi/9.2.1/../../../../arm-none-eabi/lib/thumb/v7e-m/nofp/crt0.o (memset)
/opt/gcc-arm-none-eabi-9-2019-q4-major/bin/../lib/gcc/arm-none-eabi/9.2.1/../../../../arm-none-eabi/lib/thumb/v7e-m/nofp/libg_nano.a(lib_a-nano-freer.o)
                              /opt/gcc-arm-none-eabi-9-2019-q4-major/bin/../lib/gcc/arm-none-eabi/9.2.1/../../../../arm-none-eabi/lib/thumb/v7e-m/nofp/libg_nano.a(lib_a-malloc.o) (_free_r)
/opt/gcc-arm-none-eabi-9-2019-q4-major/bin/../lib/gcc/arm-none-eabi/9.2.1/../../../../arm-none-eabi/lib/thumb/v7e-m/nofp/libg_nano.a(lib_a-nano-mallocr.o)
                              /opt/gcc-arm-none-eabi-9-2019-q4-major/bin/../lib/gcc/arm-none-eabi/9.2.1/../../../../arm-none-eabi/lib/thumb/v7e-m/nofp/libg_nano.a(lib_a-malloc.o) (_malloc_r)
/opt/gcc-arm-none-eabi-9-2019-q4-major/bin/../lib/gcc/arm-none-eabi/9.2.1/../../../../arm-none-eabi/lib/thumb/v7e-m/nofp/libg_nano.a(lib_a-sbrkr.o)
                              /opt/gcc-arm-none-eabi-9-2019-q4-major/bin/../lib/gcc/arm-none-eabi/9.2.1/../../../../arm-none-eabi/lib/thumb/v7e-m/nofp/libg_nano.a(lib_a-nano-mallocr.o) (_sbrk_r)
/opt/gcc-arm-none-eabi-9-2019-q4-major/bin/../lib/gcc/arm-none-eabi/9.2.1/../../../../arm-none-eabi/lib/thumb/v7e-m/nofp/libg_nano.a(lib_a-strlen.o)
                              CMakeFiles/BOX.elf.dir/Src/lcd.c.obj (strlen)
/opt/gcc-arm-none-eabi-9-2019-q4-major/bin/../lib/gcc/arm-none-eabi/9.2.1/../../../../arm-none-eabi/lib/thumb/v7e-m/nofp/libg_nano.a(lib_a-mlock.o)
                              /opt/gcc-arm-none-eabi-9-2019-q4-major/bin/../lib/gcc/arm-none-eabi/9.2.1/../../../../arm-none-eabi/lib/thumb/v7e-m/nofp/libg_nano.a(lib_a-nano-freer.o) (__malloc_lock)
/opt/gcc-arm-none-eabi-9-2019-q4-major/bin/../lib/gcc/arm-none-eabi/9.2.1/../../../../arm-none-eabi/lib/thumb/v7e-m/nofp/libg_nano.a(lib_a-reent.o)
                              /opt/gcc-arm-none-eabi-9-2019-q4-major/bin/../lib/gcc/arm-none-eabi/9.2.1/../../../../arm-none-eabi/lib/thumb/v7e-m/nofp/libg_nano.a(lib_a-sbrkr.o) (errno)
/opt/gcc-arm-none-eabi-9-2019-q4-major/bin/../lib/gcc/arm-none-eabi/9.2.1/../../../../arm-none-eabi/lib/thumb/v7e-m/nofp/libg_nano.a(lib_a-lock.o)
                              /opt/gcc-arm-none-eabi-9-2019-q4-major/bin/../lib/gcc/arm-none-eabi/9.2.1/../../../../arm-none-eabi/lib/thumb/v7e-m/nofp/libg_nano.a(lib_a-mlock.o) (__retarget_lock_acquire_recursive)

Allocating common symbols
Common symbol       size              file

__lock___atexit_recursive_mutex
                    0x1               /opt/gcc-arm-none-eabi-9-2019-q4-major/bin/../lib/gcc/arm-none-eabi/9.2.1/../../../../arm-none-eabi/lib/thumb/v7e-m/nofp/libg_nano.a(lib_a-lock.o)
__lock___arc4random_mutex
                    0x1               /opt/gcc-arm-none-eabi-9-2019-q4-major/bin/../lib/gcc/arm-none-eabi/9.2.1/../../../../arm-none-eabi/lib/thumb/v7e-m/nofp/libg_nano.a(lib_a-lock.o)
errno               0x4               /opt/gcc-arm-none-eabi-9-2019-q4-major/bin/../lib/gcc/arm-none-eabi/9.2.1/../../../../arm-none-eabi/lib/thumb/v7e-m/nofp/libg_nano.a(lib_a-reent.o)
__lock___env_recursive_mutex
[...]
Memory Configuration

Name             Origin             Length             Attributes
RAM              0x0000000020000000 0x0000000000003000 xrw
CCMRAM           0x0000000010000000 0x0000000000001000 rw
FLASH            0x0000000008000000 0x0000000000010000 xr
*default*        0x0000000000000000 0xffffffffffffffff

Linker script and memory map

LOAD /opt/gcc-arm-none-eabi-9-2019-q4-major/bin/../lib/gcc/arm-none-eabi/9.2.1/thumb/v7e-m/nofp/crti.o
LOAD /opt/gcc-arm-none-eabi-9-2019-q4-major/bin/../lib/gcc/arm-none-eabi/9.2.1/thumb/v7e-m/nofp/crtbegin.o
LOAD /opt/gcc-arm-none-eabi-9-2019-q4-major/bin/../lib/gcc/arm-none-eabi/9.2.1/../../../../arm-none-eabi/lib/thumb/v7e-m/nofp/crt0.o
LOAD CMakeFiles/BOX.elf.dir/Drivers/STM32F3xx_HAL_Driver/Src/stm32f3xx_hal.c.obj
LOAD CMakeFiles/BOX.elf.dir/Drivers/STM32F3xx_HAL_Driver/Src/stm32f3xx_hal_adc.c.obj
LOAD CMakeFiles/BOX.elf.dir/Drivers/STM32F3xx_HAL_Driver/Src/stm32f3xx_hal_adc_ex.c.obj
LOAD CMakeFiles/BOX.elf.dir/Drivers/STM32F3xx_HAL_Driver/Src/stm32f3xx_hal_cortex.c.obj
LOAD CMakeFiles/BOX.elf.dir/Drivers/STM32F3xx_HAL_Driver/Src/stm32f3xx_hal_dma.c.obj
LOAD CMakeFiles/BOX.elf.dir/Drivers/STM32F3xx_HAL_Driver/Src/stm32f3xx_hal_exti.c.obj
LOAD CMakeFiles/BOX.elf.dir/Drivers/STM32F3xx_HAL_Driver/Src/stm32f3xx_hal_flash.c.obj
LOAD CMakeFiles/BOX.elf.dir/Drivers/STM32F3xx_HAL_Driver/Src/stm32f3xx_hal_flash_ex.c.obj
LOAD CMakeFiles/BOX.elf.dir/Drivers/STM32F3xx_HAL_Driver/Src/stm32f3xx_hal_gpio.c.obj
LOAD CMakeFiles/BOX.elf.dir/Drivers/STM32F3xx_HAL_Driver/Src/stm32f3xx_hal_i2c.c.obj
LOAD CMakeFiles/BOX.elf.dir/Drivers/STM32F3xx_HAL_Driver/Src/stm32f3xx_hal_i2c_ex.c.obj
LOAD CMakeFiles/BOX.elf.dir/Drivers/STM32F3xx_HAL_Driver/Src/stm32f3xx_hal_pwr.c.obj
LOAD CMakeFiles/BOX.elf.dir/Drivers/STM32F3xx_HAL_Driver/Src/stm32f3xx_hal_pwr_ex.c.obj
LOAD CMakeFiles/BOX.elf.dir/Drivers/STM32F3xx_HAL_Driver/Src/stm32f3xx_hal_rcc.c.obj
LOAD CMakeFiles/BOX.elf.dir/Drivers/STM32F3xx_HAL_Driver/Src/stm32f3xx_hal_rcc_ex.c.obj
LOAD CMakeFiles/BOX.elf.dir/Drivers/STM32F3xx_HAL_Driver/Src/stm32f3xx_hal_tim.c.obj
LOAD CMakeFiles/BOX.elf.dir/Drivers/STM32F3xx_HAL_Driver/Src/stm32f3xx_hal_tim_ex.c.obj
LOAD CMakeFiles/BOX.elf.dir/Src/Level0.c.obj
LOAD CMakeFiles/BOX.elf.dir/Src/Level1.c.obj
LOAD CMakeFiles/BOX.elf.dir/Src/Level2.c.obj
LOAD CMakeFiles/BOX.elf.dir/Src/Level3.c.obj
LOAD CMakeFiles/BOX.elf.dir/Src/lcd.c.obj
LOAD CMakeFiles/BOX.elf.dir/Src/main.c.obj
LOAD CMakeFiles/BOX.elf.dir/Src/stm32f3xx_hal_msp.c.obj
LOAD CMakeFiles/BOX.elf.dir/Src/stm32f3xx_it.c.obj
LOAD CMakeFiles/BOX.elf.dir/Src/syscalls.c.obj
LOAD CMakeFiles/BOX.elf.dir/Src/system_stm32f3xx.c.obj
LOAD CMakeFiles/BOX.elf.dir/startup/startup_stm32f334x8.s.obj
START GROUP
LOAD /opt/gcc-arm-none-eabi-9-2019-q4-major/bin/../lib/gcc/arm-none-eabi/9.2.1/thumb/v7e-m/nofp/libgcc.a
LOAD /opt/gcc-arm-none-eabi-9-2019-q4-major/bin/../lib/gcc/arm-none-eabi/9.2.1/../../../../arm-none-eabi/lib/thumb/v7e-m/nofp/libg_nano.a
LOAD /opt/gcc-arm-none-eabi-9-2019-q4-major/bin/../lib/gcc/arm-none-eabi/9.2.1/../../../../arm-none-eabi/lib/thumb/v7e-m/nofp/libc_nano.a
END GROUP
START GROUP
LOAD /opt/gcc-arm-none-eabi-9-2019-q4-major/bin/../lib/gcc/arm-none-eabi/9.2.1/thumb/v7e-m/nofp/libgcc.a
LOAD /opt/gcc-arm-none-eabi-9-2019-q4-major/bin/../lib/gcc/arm-none-eabi/9.2.1/../../../../arm-none-eabi/lib/thumb/v7e-m/nofp/libc_nano.a
LOAD /opt/gcc-arm-none-eabi-9-2019-q4-major/bin/../lib/gcc/arm-none-eabi/9.2.1/../../../../arm-none-eabi/lib/thumb/v7e-m/nofp/libnosys.a
END GROUP
START GROUP
LOAD /opt/gcc-arm-none-eabi-9-2019-q4-major/bin/../lib/gcc/arm-none-eabi/9.2.1/thumb/v7e-m/nofp/libgcc.a
LOAD /opt/gcc-arm-none-eabi-9-2019-q4-major/bin/../lib/gcc/arm-none-eabi/9.2.1/../../../../arm-none-eabi/lib/thumb/v7e-m/nofp/libc_nano.a
LOAD /opt/gcc-arm-none-eabi-9-2019-q4-major/bin/../lib/gcc/arm-none-eabi/9.2.1/../../../../arm-none-eabi/lib/thumb/v7e-m/nofp/libnosys.a
END GROUP
LOAD /opt/gcc-arm-none-eabi-9-2019-q4-major/bin/../lib/gcc/arm-none-eabi/9.2.1/thumb/v7e-m/nofp/crtend.o
LOAD /opt/gcc-arm-none-eabi-9-2019-q4-major/bin/../lib/gcc/arm-none-eabi/9.2.1/thumb/v7e-m/nofp/crtn.o
                0x0000000020003000                _estack = 0x20003000
                0x0000000000000200                _Min_Heap_Size = 0x200
                0x0000000000000400                _Min_Stack_Size = 0x400

.isr_vector     0x0000000008000000      0x188
                0x0000000008000000                . = ALIGN (0x4)
 *(.isr_vector)
 .isr_vector    0x0000000008000000      0x188 CMakeFiles/BOX.elf.dir/startup/startup_stm32f334x8.s.obj
                0x0000000008000000                g_pfnVectors
                0x0000000008000188                . = ALIGN (0x4)

.text           0x0000000008000188     0x3eac
                0x0000000008000188                . = ALIGN (0x4)
 *(.text)
 .text          0x0000000008000188       0x40 /opt/gcc-arm-none-eabi-9-2019-q4-major/bin/../lib/gcc/arm-none-eabi/9.2.1/thumb/v7e-m/nofp/crtbegin.o
 .text          0x00000000080001c8       0x10 /opt/gcc-arm-none-eabi-9-2019-q4-major/bin/../lib/gcc/arm-none-eabi/9.2.1/../../../../arm-none-eabi/lib/thumb/v7e-m/nofp/libg_nano.a(lib_a-strlen.o)
                0x00000000080001c8                strlen
 *(.text*)
 .text.HAL_Init
                0x00000000080001d8       0x2c CMakeFiles/BOX.elf.dir/Drivers/STM32F3xx_HAL_Driver/Src/stm32f3xx_hal.c.obj
                0x00000000080001d8                HAL_Init
 .text.HAL_InitTick
                0x0000000008000204       0x60 CMakeFiles/BOX.elf.dir/Drivers/STM32F3xx_HAL_Driver/Src/stm32f3xx_hal.c.obj
                0x0000000008000204                HAL_InitTick
 .text.HAL_IncTick
                0x0000000008000264       0x24 CMakeFiles/BOX.elf.dir/Drivers/STM32F3xx_HAL_Driver/Src/stm32f3xx_hal.c.obj
                0x0000000008000264                HAL_IncTick
 .text.HAL_GetTick
                0x0000000008000288       0x14 CMakeFiles/BOX.elf.dir/Drivers/STM32F3xx_HAL_Driver/Src/stm32f3xx_hal.c.obj
                0x0000000008000288                HAL_GetTick
 .text.HAL_Delay
                0x000000000800029c       0x48 CMakeFiles/BOX.elf.dir/Drivers/STM32F3xx_HAL_Driver/Src/stm32f3xx_hal.c.obj
                0x000000000800029c                HAL_Delay
 .text.HAL_ADC_ConvCpltCallback
                0x00000000080002e4       0x12 CMakeFiles/BOX.elf.dir/Drivers/STM32F3xx_HAL_Driver/Src/stm32f3xx_hal_adc.c.obj
                0x00000000080002e4                HAL_ADC_ConvCpltCallback
 .text.HAL_ADC_LevelOutOfWindowCallback
                0x00000000080002f6       0x12 CMakeFiles/BOX.elf.dir/Drivers/STM32F3xx_HAL_Driver/Src/stm32f3xx_hal_adc.c.obj
                0x00000000080002f6                HAL_ADC_LevelOutOfWindowCallback
 .text.HAL_ADC_ErrorCallback
                0x0000000008000308       0x12 CMakeFiles/BOX.elf.dir/Drivers/STM32F3xx_HAL_Driver/Src/stm32f3xx_hal_adc.c.obj
                0x0000000008000308                HAL_ADC_ErrorCallback
 *fill*         0x000000000800031a        0x2 
 .text.HAL_ADC_Init
                0x000000000800031c      0x324 CMakeFiles/BOX.elf.dir/Drivers/STM32F3xx_HAL_Driver/Src/stm32f3xx_hal_adc_ex.c.obj
                0x000000000800031c                HAL_ADC_Init
 .text.HAL_ADC_Start
                0x0000000008000640      0x16c CMakeFiles/BOX.elf.dir/Drivers/STM32F3xx_HAL_Driver/Src/stm32f3xx_hal_adc_ex.c.obj
                0x0000000008000640                HAL_ADC_Start
 .text.HAL_ADC_Stop
                0x00000000080007ac       0x6a CMakeFiles/BOX.elf.dir/Drivers/STM32F3xx_HAL_Driver/Src/stm32f3xx_hal_adc_ex.c.obj
                0x00000000080007ac                HAL_ADC_Stop
 *fill*         0x0000000008000816        0x2 
 .text.HAL_ADC_PollForConversion
                0x0000000008000818      0x18c CMakeFiles/BOX.elf.dir/Drivers/STM32F3xx_HAL_Driver/Src/stm32f3xx_hal_adc_ex.c.obj
                0x0000000008000818                HAL_ADC_PollForConversion
 .text.HAL_ADC_GetValue
                0x00000000080009a4       0x18 CMakeFiles/BOX.elf.dir/Drivers/STM32F3xx_HAL_Driver/Src/stm32f3xx_hal_adc_ex.c.obj
                0x00000000080009a4                HAL_ADC_GetValue
 .text.HAL_ADC_IRQHandler
                0x00000000080009bc      0x440 CMakeFiles/BOX.elf.dir/Drivers/STM32F3xx_HAL_Driver/Src/stm32f3xx_hal_adc_ex.c.obj
                0x00000000080009bc                HAL_ADC_IRQHandler
 .text.HAL_ADCEx_InjectedConvCpltCallback
                0x0000000008000dfc       0x12 CMakeFiles/BOX.elf.dir/Drivers/STM32F3xx_HAL_Driver/Src/stm32f3xx_hal_adc_ex.c.obj
                0x0000000008000dfc                HAL_ADCEx_InjectedConvCpltCallback
 .text.HAL_ADCEx_InjectedQueueOverflowCallback
                0x0000000008000e0e       0x12 CMakeFiles/BOX.elf.dir/Drivers/STM32F3xx_HAL_Driver/Src/stm32f3xx_hal_adc_ex.c.obj
                0x0000000008000e0e                HAL_ADCEx_InjectedQueueOverflowCallback
 .text.HAL_ADCEx_LevelOutOfWindow2Callback
                0x0000000008000e20       0x12 CMakeFiles/BOX.elf.dir/Drivers/STM32F3xx_HAL_Driver/Src/stm32f3xx_hal_adc_ex.c.obj
                0x0000000008000e20                HAL_ADCEx_LevelOutOfWindow2Callback
 .text.HAL_ADCEx_LevelOutOfWindow3Callback
                0x0000000008000e32       0x12 CMakeFiles/BOX.elf.dir/Drivers/STM32F3xx_HAL_Driver/Src/stm32f3xx_hal_adc_ex.c.obj
                0x0000000008000e32                HAL_ADCEx_LevelOutOfWindow3Callback
 .text.HAL_ADC_ConfigChannel
                0x0000000008000e44      0x580 CMakeFiles/BOX.elf.dir/Drivers/STM32F3xx_HAL_Driver/Src/stm32f3xx_hal_adc_ex.c.obj
                0x0000000008000e44                HAL_ADC_ConfigChannel
 .text.HAL_ADCEx_MultiModeConfigChannel
                0x00000000080013c4      0x188 CMakeFiles/BOX.elf.dir/Drivers/STM32F3xx_HAL_Driver/Src/stm32f3xx_hal_adc_ex.c.obj
                0x00000000080013c4                HAL_ADCEx_MultiModeConfigChannel
 .text.ADC_Enable
                0x000000000800154c       0xbc CMakeFiles/BOX.elf.dir/Drivers/STM32F3xx_HAL_Driver/Src/stm32f3xx_hal_adc_ex.c.obj
 .text.ADC_Disable
                0x0000000008001608       0xbe CMakeFiles/BOX.elf.dir/Drivers/STM32F3xx_HAL_Driver/Src/stm32f3xx_hal_adc_ex.c.obj
 *fill*         0x00000000080016c6        0x2 
 .text.ADC_ConversionStop
                0x00000000080016c8      0x15c CMakeFiles/BOX.elf.dir/Drivers/STM32F3xx_HAL_Driver/Src/stm32f3xx_hal_adc_ex.c.obj
 .text.__NVIC_SetPriorityGrouping
                0x0000000008001824       0x48 CMakeFiles/BOX.elf.dir/Drivers/STM32F3xx_HAL_Driver/Src/stm32f3xx_hal_cortex.c.obj
 .text.__NVIC_GetPriorityGrouping
                0x000000000800186c       0x1c CMakeFiles/BOX.elf.dir/Drivers/STM32F3xx_HAL_Driver/Src/stm32f3xx_hal_cortex.c.obj
 .text.__NVIC_EnableIRQ
                0x0000000008001888       0x38 CMakeFiles/BOX.elf.dir/Drivers/STM32F3xx_HAL_Driver/Src/stm32f3xx_hal_cortex.c.obj
 .text.__NVIC_SetPriority
                0x00000000080018c0       0x54 CMakeFiles/BOX.elf.dir/Drivers/STM32F3xx_HAL_Driver/Src/stm32f3xx_hal_cortex.c.obj
 .text.NVIC_EncodePriority
                0x0000000008001914       0x64 CMakeFiles/BOX.elf.dir/Drivers/STM32F3xx_HAL_Driver/Src/stm32f3xx_hal_cortex.c.obj
 .text.SysTick_Config
                0x0000000008001978       0x44 CMakeFiles/BOX.elf.dir/Drivers/STM32F3xx_HAL_Driver/Src/stm32f3xx_hal_cortex.c.obj
 .text.HAL_NVIC_SetPriorityGrouping
                0x00000000080019bc       0x16 CMakeFiles/BOX.elf.dir/Drivers/STM32F3xx_HAL_Driver/Src/stm32f3xx_hal_cortex.c.obj
                0x00000000080019bc                HAL_NVIC_SetPriorityGrouping
 .text.HAL_NVIC_SetPriority
                0x00000000080019d2       0x38 CMakeFiles/BOX.elf.dir/Drivers/STM32F3xx_HAL_Driver/Src/stm32f3xx_hal_cortex.c.obj
                0x00000000080019d2                HAL_NVIC_SetPriority
 .text.HAL_NVIC_EnableIRQ
                0x0000000008001a0a       0x1c CMakeFiles/BOX.elf.dir/Drivers/STM32F3xx_HAL_Driver/Src/stm32f3xx_hal_cortex.c.obj
                0x0000000008001a0a                HAL_NVIC_EnableIRQ
 .text.HAL_SYSTICK_Config
                0x0000000008001a26       0x18 CMakeFiles/BOX.elf.dir/Drivers/STM32F3xx_HAL_Driver/Src/stm32f3xx_hal_cortex.c.obj
                0x0000000008001a26                HAL_SYSTICK_Config
 *fill*         0x0000000008001a3e        0x2 
 .text.HAL_GPIO_Init
                0x0000000008001a40      0x2e4 CMakeFiles/BOX.elf.dir/Drivers/STM32F3xx_HAL_Driver/Src/stm32f3xx_hal_gpio.c.obj
                0x0000000008001a40                HAL_GPIO_Init
 .text.HAL_GPIO_ReadPin
                0x0000000008001d24       0x2e CMakeFiles/BOX.elf.dir/Drivers/STM32F3xx_HAL_Driver/Src/stm32f3xx_hal_gpio.c.obj
                0x0000000008001d24                HAL_GPIO_ReadPin
 .text.HAL_GPIO_WritePin
                0x0000000008001d52       0x2e CMakeFiles/BOX.elf.dir/Drivers/STM32F3xx_HAL_Driver/Src/stm32f3xx_hal_gpio.c.obj
                0x0000000008001d52                HAL_GPIO_WritePin
 .text.HAL_GPIO_TogglePin
                0x0000000008001d80       0x32 CMakeFiles/BOX.elf.dir/Drivers/STM32F3xx_HAL_Driver/Src/stm32f3xx_hal_gpio.c.obj
                0x0000000008001d80                HAL_GPIO_TogglePin
 *fill*         0x0000000008001db2        0x2 
 .text.HAL_RCC_OscConfig
                0x0000000008001db4      0xe10 CMakeFiles/BOX.elf.dir/Drivers/STM32F3xx_HAL_Driver/Src/stm32f3xx_hal_rcc.c.obj
                0x0000000008001db4                HAL_RCC_OscConfig
 .text.HAL_RCC_ClockConfig
                0x0000000008002bc4      0x2f8 CMakeFiles/BOX.elf.dir/Drivers/STM32F3xx_HAL_Driver/Src/stm32f3xx_hal_rcc.c.obj
                0x0000000008002bc4                HAL_RCC_ClockConfig
 .text.HAL_RCC_GetSysClockFreq
                0x0000000008002ebc       0xd0 CMakeFiles/BOX.elf.dir/Drivers/STM32F3xx_HAL_Driver/Src/stm32f3xx_hal_rcc.c.obj
                0x0000000008002ebc                HAL_RCC_GetSysClockFreq
 .text.HAL_RCCEx_PeriphCLKConfig
                0x0000000008002f8c      0x26c CMakeFiles/BOX.elf.dir/Drivers/STM32F3xx_HAL_Driver/Src/stm32f3xx_hal_rcc_ex.c.obj
                0x0000000008002f8c                HAL_RCCEx_PeriphCLKConfig
 .text.Level0_Construct
                0x00000000080031f8       0x2e CMakeFiles/BOX.elf.dir/Src/Level0.c.obj
                0x00000000080031f8                Level0_Construct
 .text.Level0_isIlluminated
                0x0000000008003226       0x1e CMakeFiles/BOX.elf.dir/Src/Level0.c.obj
                0x0000000008003226                Level0_isIlluminated
 .text.Level0_readIlluminationLevel
                0x0000000008003244       0x32 CMakeFiles/BOX.elf.dir/Src/Level0.c.obj
                0x0000000008003244                Level0_readIlluminationLevel
 .text.Level0_Run
                0x0000000008003276       0x54 CMakeFiles/BOX.elf.dir/Src/Level0.c.obj
                0x0000000008003276                Level0_Run
 .text.Level0_Destroy
                0x00000000080032ca       0x1c CMakeFiles/BOX.elf.dir/Src/Level0.c.obj
                0x00000000080032ca                Level0_Destroy
 .text.Level1_Construct
                0x00000000080032e6       0x3c CMakeFiles/BOX.elf.dir/Src/Level1.c.obj
                0x00000000080032e6                Level1_Construct
 .text.Level1_isIlluminated
                0x0000000008003322       0x1e CMakeFiles/BOX.elf.dir/Src/Level1.c.obj
                0x0000000008003322                Level1_isIlluminated
 .text.Level1_readIlluminationLevel
                0x0000000008003340       0x32 CMakeFiles/BOX.elf.dir/Src/Level1.c.obj
                0x0000000008003340                Level1_readIlluminationLevel
 *fill*         0x0000000008003372        0x2 
 .text.Level1_Run
                0x0000000008003374       0xa4 CMakeFiles/BOX.elf.dir/Src/Level1.c.obj
                0x0000000008003374                Level1_Run
 .text.Level1_Destroy
                0x0000000008003418       0x1c CMakeFiles/BOX.elf.dir/Src/Level1.c.obj
                0x0000000008003418                Level1_Destroy
 .text.Level2_Construct
                0x0000000008003434       0x26 CMakeFiles/BOX.elf.dir/Src/Level2.c.obj
                0x0000000008003434                Level2_Construct
 .text.Level2_isCircuitOpen
                0x000000000800345a       0x20 CMakeFiles/BOX.elf.dir/Src/Level2.c.obj
                0x000000000800345a                Level2_isCircuitOpen
 *fill*         0x000000000800347a        0x2 
 .text.Level2_readReedSwitchState
                0x000000000800347c       0x18 CMakeFiles/BOX.elf.dir/Src/Level2.c.obj
                0x000000000800347c                Level2_readReedSwitchState
 .text.Level2_Run
                0x0000000008003494       0x56 CMakeFiles/BOX.elf.dir/Src/Level2.c.obj
                0x0000000008003494                Level2_Run
 .text.Level2_Destroy
                0x00000000080034ea       0x1c CMakeFiles/BOX.elf.dir/Src/Level2.c.obj
                0x00000000080034ea                Level2_Destroy
 .text.Level3_Construct
                0x0000000008003506       0x26 CMakeFiles/BOX.elf.dir/Src/Level3.c.obj
                0x0000000008003506                Level3_Construct
 .text.Level3_isCircuitOpen
                0x000000000800352c       0x20 CMakeFiles/BOX.elf.dir/Src/Level3.c.obj
                0x000000000800352c                Level3_isCircuitOpen
 .text.Level3_readWireSwitchState
                0x000000000800354c       0x18 CMakeFiles/BOX.elf.dir/Src/Level3.c.obj
                0x000000000800354c                Level3_readWireSwitchState
 .text.Level3_Run
                0x0000000008003564       0x56 CMakeFiles/BOX.elf.dir/Src/Level3.c.obj
                0x0000000008003564                Level3_Run
 .text.Level3_Destroy
                0x00000000080035ba       0x1c CMakeFiles/BOX.elf.dir/Src/Level3.c.obj
                0x00000000080035ba                Level3_Destroy
 .text.Lcd_create
                0x00000000080035d6       0x56 CMakeFiles/BOX.elf.dir/Src/lcd.c.obj
                0x00000000080035d6                Lcd_create
 .text.Lcd_init
                0x000000000800362c       0x52 CMakeFiles/BOX.elf.dir/Src/lcd.c.obj
                0x000000000800362c                Lcd_init
 .text.Lcd_string
                0x000000000800367e       0x3e CMakeFiles/BOX.elf.dir/Src/lcd.c.obj
                0x000000000800367e                Lcd_string
 .text.Lcd_cursor
                0x00000000080036bc       0x34 CMakeFiles/BOX.elf.dir/Src/lcd.c.obj
                0x00000000080036bc                Lcd_cursor
 .text.Lcd_clear
                0x00000000080036f0       0x18 CMakeFiles/BOX.elf.dir/Src/lcd.c.obj
                0x00000000080036f0                Lcd_clear
 .text.lcd_write_command
                0x0000000008003708       0x5c CMakeFiles/BOX.elf.dir/Src/lcd.c.obj
 .text.lcd_write_data
                0x0000000008003764       0x5c CMakeFiles/BOX.elf.dir/Src/lcd.c.obj
 .text.lcd_write
                0x00000000080037c0       0x80 CMakeFiles/BOX.elf.dir/Src/lcd.c.obj
 .text.show_message
                0x0000000008003840       0x3e CMakeFiles/BOX.elf.dir/Src/main.c.obj
                0x0000000008003840                show_message
 *fill*         0x000000000800387e        0x2 
 .text.buzz     0x0000000008003880       0x30 CMakeFiles/BOX.elf.dir/Src/main.c.obj
                0x0000000008003880                buzz
 .text.main     0x00000000080038b0      0x12c CMakeFiles/BOX.elf.dir/Src/main.c.obj
                0x00000000080038b0                main
 .text.SystemClock_Config
                0x00000000080039dc       0xb2 CMakeFiles/BOX.elf.dir/Src/main.c.obj
                0x00000000080039dc                SystemClock_Config
 *fill*         0x0000000008003a8e        0x2 
 .text.MX_ADC1_Init
                0x0000000008003a90       0xe0 CMakeFiles/BOX.elf.dir/Src/main.c.obj
 .text.MX_GPIO_Init
                0x0000000008003b70       0x98 CMakeFiles/BOX.elf.dir/Src/main.c.obj
 .text.Error_Handler
                0x0000000008003c08        0xc CMakeFiles/BOX.elf.dir/Src/main.c.obj
                0x0000000008003c08                Error_Handler
 .text.HAL_MspInit
                0x0000000008003c14       0x44 CMakeFiles/BOX.elf.dir/Src/stm32f3xx_hal_msp.c.obj
                0x0000000008003c14                HAL_MspInit
 .text.HAL_ADC_MspInit
                0x0000000008003c58       0x88 CMakeFiles/BOX.elf.dir/Src/stm32f3xx_hal_msp.c.obj
                0x0000000008003c58                HAL_ADC_MspInit
 .text.NMI_Handler
                0x0000000008003ce0        0xc CMakeFiles/BOX.elf.dir/Src/stm32f3xx_it.c.obj
                0x0000000008003ce0                NMI_Handler
 .text.HardFault_Handler
                0x0000000008003cec        0x6 CMakeFiles/BOX.elf.dir/Src/stm32f3xx_it.c.obj
                0x0000000008003cec                HardFault_Handler
 .text.MemManage_Handler
                0x0000000008003cf2        0x6 CMakeFiles/BOX.elf.dir/Src/stm32f3xx_it.c.obj
                0x0000000008003cf2                MemManage_Handler
 .text.BusFault_Handler
                0x0000000008003cf8        0x6 CMakeFiles/BOX.elf.dir/Src/stm32f3xx_it.c.obj
                0x0000000008003cf8                BusFault_Handler
 .text.UsageFault_Handler
                0x0000000008003cfe        0x6 CMakeFiles/BOX.elf.dir/Src/stm32f3xx_it.c.obj
                0x0000000008003cfe                UsageFault_Handler
 .text.SVC_Handler
                0x0000000008003d04        0xc CMakeFiles/BOX.elf.dir/Src/stm32f3xx_it.c.obj
                0x0000000008003d04                SVC_Handler
 .text.DebugMon_Handler
                0x0000000008003d10        0xc CMakeFiles/BOX.elf.dir/Src/stm32f3xx_it.c.obj
                0x0000000008003d10                DebugMon_Handler
 .text.PendSV_Handler
                0x0000000008003d1c        0xc CMakeFiles/BOX.elf.dir/Src/stm32f3xx_it.c.obj
                0x0000000008003d1c                PendSV_Handler
 .text.SysTick_Handler
                0x0000000008003d28        0xc CMakeFiles/BOX.elf.dir/Src/stm32f3xx_it.c.obj
                0x0000000008003d28                SysTick_Handler
 .text.ADC1_2_IRQHandler
                0x0000000008003d34       0x14 CMakeFiles/BOX.elf.dir/Src/stm32f3xx_it.c.obj
                0x0000000008003d34                ADC1_2_IRQHandler
 .text._sbrk    0x0000000008003d48       0x58 CMakeFiles/BOX.elf.dir/Src/syscalls.c.obj
                0x0000000008003d48                _sbrk
 .text.SystemInit
                0x0000000008003da0       0x18 CMakeFiles/BOX.elf.dir/Src/system_stm32f3xx.c.obj
                0x0000000008003da0                SystemInit
 .text.Reset_Handler
                0x0000000008003db8       0x50 CMakeFiles/BOX.elf.dir/startup/startup_stm32f334x8.s.obj
                0x0000000008003db8                Reset_Handler
 .text.Default_Handler
                0x0000000008003e08        0x2 CMakeFiles/BOX.elf.dir/startup/startup_stm32f334x8.s.obj
                0x0000000008003e08                TIM1_BRK_TIM15_IRQHandler
                0x0000000008003e08                HRTIM1_Master_IRQHandler
                0x0000000008003e08                TIM1_CC_IRQHandler
                0x0000000008003e08                HRTIM1_FLT_IRQHandler
                0x0000000008003e08                PVD_IRQHandler
                0x0000000008003e08                HRTIM1_TIMD_IRQHandler
                0x0000000008003e08                TAMP_STAMP_IRQHandler
                0x0000000008003e08                EXTI3_IRQHandler
                0x0000000008003e08                EXTI0_IRQHandler
                0x0000000008003e08                FPU_IRQHandler
                0x0000000008003e08                CAN_TX_IRQHandler
                0x0000000008003e08                TIM1_UP_TIM16_IRQHandler
                0x0000000008003e08                HRTIM1_TIME_IRQHandler
                0x0000000008003e08                SPI1_IRQHandler
                0x0000000008003e08                CAN_SCE_IRQHandler
                0x0000000008003e08                HRTIM1_TIMC_IRQHandler
                0x0000000008003e08                DMA1_Channel4_IRQHandler
                0x0000000008003e08                USART3_IRQHandler
                0x0000000008003e08                DMA1_Channel7_IRQHandler
                0x0000000008003e08                TIM7_DAC2_IRQHandler
                0x0000000008003e08                CAN_RX1_IRQHandler
                0x0000000008003e08                I2C1_EV_IRQHandler
                0x0000000008003e08                DMA1_Channel6_IRQHandler
                0x0000000008003e08                TIM3_IRQHandler
                0x0000000008003e08                RCC_IRQHandler
                0x0000000008003e08                DMA1_Channel1_IRQHandler
                0x0000000008003e08                Default_Handler
                0x0000000008003e08                EXTI15_10_IRQHandler
                0x0000000008003e08                COMP2_IRQHandler
                0x0000000008003e08                HRTIM1_TIMA_IRQHandler
                0x0000000008003e08                TIM6_DAC1_IRQHandler
                0x0000000008003e08                EXTI9_5_IRQHandler
                0x0000000008003e08                RTC_WKUP_IRQHandler
                0x0000000008003e08                DMA1_Channel5_IRQHandler
                0x0000000008003e08                EXTI4_IRQHandler
                0x0000000008003e08                HRTIM1_TIMB_IRQHandler
                0x0000000008003e08                TIM1_TRG_COM_TIM17_IRQHandler
                0x0000000008003e08                DMA1_Channel3_IRQHandler
                0x0000000008003e08                WWDG_IRQHandler
                0x0000000008003e08                TIM2_IRQHandler
                0x0000000008003e08                EXTI1_IRQHandler
                0x0000000008003e08                COMP4_6_IRQHandler
                0x0000000008003e08                USART2_IRQHandler
                0x0000000008003e08                DMA1_Channel2_IRQHandler
                0x0000000008003e08                FLASH_IRQHandler
                0x0000000008003e08                USART1_IRQHandler
                0x0000000008003e08                CAN_RX0_IRQHandler
                0x0000000008003e08                I2C1_ER_IRQHandler
                0x0000000008003e08                EXTI2_TSC_IRQHandler
                0x0000000008003e08                RTC_Alarm_IRQHandler
 *fill*         0x0000000008003e0a        0x2 
 .text.__errno  0x0000000008003e0c        0xc /opt/gcc-arm-none-eabi-9-2019-q4-major/bin/../lib/gcc/arm-none-eabi/9.2.1/../../../../arm-none-eabi/lib/thumb/v7e-m/nofp/libg_nano.a(lib_a-errno.o)
                0x0000000008003e0c                __errno
 .text.__libc_init_array
                0x0000000008003e18       0x48 /opt/gcc-arm-none-eabi-9-2019-q4-major/bin/../lib/gcc/arm-none-eabi/9.2.1/../../../../arm-none-eabi/lib/thumb/v7e-m/nofp/libg_nano.a(lib_a-init.o)
                0x0000000008003e18                __libc_init_array
 .text.malloc   0x0000000008003e60       0x10 /opt/gcc-arm-none-eabi-9-2019-q4-major/bin/../lib/gcc/arm-none-eabi/9.2.1/../../../../arm-none-eabi/lib/thumb/v7e-m/nofp/libg_nano.a(lib_a-malloc.o)
                0x0000000008003e60                malloc
 .text.free     0x0000000008003e70       0x10 /opt/gcc-arm-none-eabi-9-2019-q4-major/bin/../lib/gcc/arm-none-eabi/9.2.1/../../../../arm-none-eabi/lib/thumb/v7e-m/nofp/libg_nano.a(lib_a-malloc.o)
                0x0000000008003e70                free
 .text.memset   0x0000000008003e80       0x10 /opt/gcc-arm-none-eabi-9-2019-q4-major/bin/../lib/gcc/arm-none-eabi/9.2.1/../../../../arm-none-eabi/lib/thumb/v7e-m/nofp/libg_nano.a(lib_a-memset.o)
                0x0000000008003e80                memset
 .text._free_r  0x0000000008003e90       0x9c /opt/gcc-arm-none-eabi-9-2019-q4-major/bin/../lib/gcc/arm-none-eabi/9.2.1/../../../../arm-none-eabi/lib/thumb/v7e-m/nofp/libg_nano.a(lib_a-nano-freer.o)
                0x0000000008003e90                _free_r
 .text._malloc_r
                0x0000000008003f2c       0xb4 /opt/gcc-arm-none-eabi-9-2019-q4-major/bin/../lib/gcc/arm-none-eabi/9.2.1/../../../../arm-none-eabi/lib/thumb/v7e-m/nofp/libg_nano.a(lib_a-nano-mallocr.o)
                0x0000000008003f2c                _malloc_r
 .text._sbrk_r  0x0000000008003fe0       0x20 /opt/gcc-arm-none-eabi-9-2019-q4-major/bin/../lib/gcc/arm-none-eabi/9.2.1/../../../../arm-none-eabi/lib/thumb/v7e-m/nofp/libg_nano.a(lib_a-sbrkr.o)
                0x0000000008003fe0                _sbrk_r
 .text.__malloc_lock
                0x0000000008004000        0xc /opt/gcc-arm-none-eabi-9-2019-q4-major/bin/../lib/gcc/arm-none-eabi/9.2.1/../../../../arm-none-eabi/lib/thumb/v7e-m/nofp/libg_nano.a(lib_a-mlock.o)
                0x0000000008004000                __malloc_lock
 .text.__malloc_unlock
                0x000000000800400c        0xc /opt/gcc-arm-none-eabi-9-2019-q4-major/bin/../lib/gcc/arm-none-eabi/9.2.1/../../../../arm-none-eabi/lib/thumb/v7e-m/nofp/libg_nano.a(lib_a-mlock.o)
                0x000000000800400c                __malloc_unlock
 .text.__retarget_lock_acquire_recursive
                0x0000000008004018        0x2 /opt/gcc-arm-none-eabi-9-2019-q4-major/bin/../lib/gcc/arm-none-eabi/9.2.1/../../../../arm-none-eabi/lib/thumb/v7e-m/nofp/libg_nano.a(lib_a-lock.o)
                0x0000000008004018                __retarget_lock_acquire_recursive
 .text.__retarget_lock_release_recursive
                0x000000000800401a        0x2 /opt/gcc-arm-none-eabi-9-2019-q4-major/bin/../lib/gcc/arm-none-eabi/9.2.1/../../../../arm-none-eabi/lib/thumb/v7e-m/nofp/libg_nano.a(lib_a-lock.o)
                0x000000000800401a                __retarget_lock_release_recursive
 *(.glue_7)
 .glue_7        0x000000000800401c        0x0 linker stubs
 *(.glue_7t)
 .glue_7t       0x000000000800401c        0x0 linker stubs
 *(.eh_frame)
 .eh_frame      0x000000000800401c        0x0 /opt/gcc-arm-none-eabi-9-2019-q4-major/bin/../lib/gcc/arm-none-eabi/9.2.1/thumb/v7e-m/nofp/crtbegin.o
 *(.init)
 .init          0x000000000800401c        0x4 /opt/gcc-arm-none-eabi-9-2019-q4-major/bin/../lib/gcc/arm-none-eabi/9.2.1/thumb/v7e-m/nofp/crti.o
                0x000000000800401c                _init
 .init          0x0000000008004020        0x8 /opt/gcc-arm-none-eabi-9-2019-q4-major/bin/../lib/gcc/arm-none-eabi/9.2.1/thumb/v7e-m/nofp/crtn.o
 *(.fini)
 .fini          0x0000000008004028        0x4 /opt/gcc-arm-none-eabi-9-2019-q4-major/bin/../lib/gcc/arm-none-eabi/9.2.1/thumb/v7e-m/nofp/crti.o
                0x0000000008004028                _fini
 .fini          0x000000000800402c        0x8 /opt/gcc-arm-none-eabi-9-2019-q4-major/bin/../lib/gcc/arm-none-eabi/9.2.1/thumb/v7e-m/nofp/crtn.o
                0x0000000008004034                . = ALIGN (0x4)
                0x0000000008004034                _etext = .

.vfp11_veneer   0x0000000008004034        0x0
 .vfp11_veneer  0x0000000008004034        0x0 linker stubs

.v4_bx          0x0000000008004034        0x0
 .v4_bx         0x0000000008004034        0x0 linker stubs

.iplt           0x0000000008004034        0x0
 .iplt          0x0000000008004034        0x0 /opt/gcc-arm-none-eabi-9-2019-q4-major/bin/../lib/gcc/arm-none-eabi/9.2.1/thumb/v7e-m/nofp/crtbegin.o

.rodata         0x0000000008004034       0xc4
                0x0000000008004034                . = ALIGN (0x4)
 *(.rodata)
 .rodata        0x0000000008004034       0x90 CMakeFiles/BOX.elf.dir/Src/main.c.obj
 *(.rodata*)
 .rodata.aPLLMULFactorTable
                0x00000000080040c4       0x10 CMakeFiles/BOX.elf.dir/Drivers/STM32F3xx_HAL_Driver/Src/stm32f3xx_hal_rcc.c.obj
                0x00000000080040c4                aPLLMULFactorTable
 .rodata.aPredivFactorTable
                0x00000000080040d4       0x10 CMakeFiles/BOX.elf.dir/Drivers/STM32F3xx_HAL_Driver/Src/stm32f3xx_hal_rcc.c.obj
                0x00000000080040d4                aPredivFactorTable
 .rodata.ROW_16
                0x00000000080040e4        0x4 CMakeFiles/BOX.elf.dir/Src/lcd.c.obj
                0x00000000080040e4                ROW_16
 .rodata.AHBPrescTable
                0x00000000080040e8       0x10 CMakeFiles/BOX.elf.dir/Src/system_stm32f3xx.c.obj
                0x00000000080040e8                AHBPrescTable
                0x00000000080040f8                . = ALIGN (0x4)

.rel.dyn        0x00000000080040f8        0x0
 .rel.iplt      0x00000000080040f8        0x0 /opt/gcc-arm-none-eabi-9-2019-q4-major/bin/../lib/gcc/arm-none-eabi/9.2.1/thumb/v7e-m/nofp/crtbegin.o

.ARM.extab
 *(.ARM.extab* .gnu.linkonce.armextab.*)

.ARM            0x00000000080040f8        0x0
                0x00000000080040f8                __exidx_start = .
 *(.ARM.exidx*)
                0x00000000080040f8                __exidx_end = .

.preinit_array  0x00000000080040f8        0x0
                0x00000000080040f8                PROVIDE (__preinit_array_start = .)
 *(.preinit_array*)
                0x00000000080040f8                PROVIDE (__preinit_array_end = .)

.init_array     0x00000000080040f8        0x4
                0x00000000080040f8                PROVIDE (__init_array_start = .)
 *(SORT_BY_NAME(.init_array.*))
 *(.init_array*)
 .init_array    0x00000000080040f8        0x4 /opt/gcc-arm-none-eabi-9-2019-q4-major/bin/../lib/gcc/arm-none-eabi/9.2.1/thumb/v7e-m/nofp/crtbegin.o
                0x00000000080040fc                PROVIDE (__init_array_end = .)

.fini_array     0x00000000080040fc        0x4
                [!provide]                        PROVIDE (__fini_array_start = .)
 *(SORT_BY_NAME(.fini_array.*))
 *(.fini_array*)
 .fini_array    0x00000000080040fc        0x4 /opt/gcc-arm-none-eabi-9-2019-q4-major/bin/../lib/gcc/arm-none-eabi/9.2.1/thumb/v7e-m/nofp/crtbegin.o
                [!provide]                        PROVIDE (__fini_array_end = .)
                0x0000000008004100                _sidata = LOADADDR (.data)

.data           0x0000000020000000       0x70 load address 0x0000000008004100
                0x0000000020000000                . = ALIGN (0x4)
                0x0000000020000000                _sdata = .
 *(.data)
 *(.data*)
 .data.uwTickPrio
                0x0000000020000000        0x4 CMakeFiles/BOX.elf.dir/Drivers/STM32F3xx_HAL_Driver/Src/stm32f3xx_hal.c.obj
                0x0000000020000000                uwTickPrio
 .data.uwTickFreq
                0x0000000020000004        0x1 CMakeFiles/BOX.elf.dir/Drivers/STM32F3xx_HAL_Driver/Src/stm32f3xx_hal.c.obj
                0x0000000020000004                uwTickFreq
 *fill*         0x0000000020000005        0x3 
 .data.SystemCoreClock
                0x0000000020000008        0x4 CMakeFiles/BOX.elf.dir/Src/system_stm32f3xx.c.obj
                0x0000000020000008                SystemCoreClock
 .data._impure_ptr
                0x000000002000000c        0x4 /opt/gcc-arm-none-eabi-9-2019-q4-major/bin/../lib/gcc/arm-none-eabi/9.2.1/../../../../arm-none-eabi/lib/thumb/v7e-m/nofp/libg_nano.a(lib_a-impure.o)
                0x000000002000000c                _impure_ptr
 .data.impure_data
                0x0000000020000010       0x60 /opt/gcc-arm-none-eabi-9-2019-q4-major/bin/../lib/gcc/arm-none-eabi/9.2.1/../../../../arm-none-eabi/lib/thumb/v7e-m/nofp/libg_nano.a(lib_a-impure.o)
                0x0000000020000070                . = ALIGN (0x4)
                0x0000000020000070                _edata = .
                0x0000000008004170                _siccmram = LOADADDR (.ccmram)

.igot.plt       0x0000000020000070        0x0 load address 0x0000000008004170
 .igot.plt      0x0000000020000070        0x0 /opt/gcc-arm-none-eabi-9-2019-q4-major/bin/../lib/gcc/arm-none-eabi/9.2.1/thumb/v7e-m/nofp/crtbegin.o

.ccmram         0x0000000010000000        0x0 load address 0x0000000008004170
                0x0000000010000000                . = ALIGN (0x4)
                0x0000000010000000                _sccmram = .
 *(.ccmram)
 *(.ccmram*)
                0x0000000010000000                . = ALIGN (0x4)
                0x0000000010000000                _eccmram = .
                0x0000000010000000                . = ALIGN (0x4)

.bss            0x0000000020000070       0x8c
                0x0000000020000070                _sbss = .
                0x0000000020000070                __bss_start__ = _sbss
 *(.bss)
 .bss           0x0000000020000070       0x1c /opt/gcc-arm-none-eabi-9-2019-q4-major/bin/../lib/gcc/arm-none-eabi/9.2.1/thumb/v7e-m/nofp/crtbegin.o
 *(.bss*)
 .bss.uwTick    0x000000002000008c        0x4 CMakeFiles/BOX.elf.dir/Drivers/STM32F3xx_HAL_Driver/Src/stm32f3xx_hal.c.obj
                0x000000002000008c                uwTick
 .bss.hadc1     0x0000000020000090       0x50 CMakeFiles/BOX.elf.dir/Src/main.c.obj
                0x0000000020000090                hadc1
 .bss.heap_end.6018
                0x00000000200000e0        0x4 CMakeFiles/BOX.elf.dir/Src/syscalls.c.obj
 .bss.__malloc_free_list
                0x00000000200000e4        0x4 /opt/gcc-arm-none-eabi-9-2019-q4-major/bin/../lib/gcc/arm-none-eabi/9.2.1/../../../../arm-none-eabi/lib/thumb/v7e-m/nofp/libg_nano.a(lib_a-nano-mallocr.o)
                0x00000000200000e4                __malloc_free_list
 .bss.__malloc_sbrk_start
                0x00000000200000e8        0x4 /opt/gcc-arm-none-eabi-9-2019-q4-major/bin/../lib/gcc/arm-none-eabi/9.2.1/../../../../arm-none-eabi/lib/thumb/v7e-m/nofp/libg_nano.a(lib_a-nano-mallocr.o)
                0x00000000200000e8                __malloc_sbrk_start
 *(COMMON)
 COMMON         0x00000000200000ec        0x4 /opt/gcc-arm-none-eabi-9-2019-q4-major/bin/../lib/gcc/arm-none-eabi/9.2.1/../../../../arm-none-eabi/lib/thumb/v7e-m/nofp/libg_nano.a(lib_a-reent.o)
                0x00000000200000ec                errno
 COMMON         0x00000000200000f0        0x9 /opt/gcc-arm-none-eabi-9-2019-q4-major/bin/../lib/gcc/arm-none-eabi/9.2.1/../../../../arm-none-eabi/lib/thumb/v7e-m/nofp/libg_nano.a(lib_a-lock.o)
                0x00000000200000f0                __lock___atexit_recursive_mutex
                0x00000000200000f1                __lock___arc4random_mutex
                0x00000000200000f2                __lock___env_recursive_mutex
                0x00000000200000f3                __lock___sinit_recursive_mutex
                0x00000000200000f4                __lock___malloc_recursive_mutex
                0x00000000200000f5                __lock___at_quick_exit_mutex
                0x00000000200000f6                __lock___dd_hash_mutex
                0x00000000200000f7                __lock___tz_mutex
                0x00000000200000f8                __lock___sfp_recursive_mutex
                0x00000000200000fc                . = ALIGN (0x4)
 *fill*         0x00000000200000f9        0x3 
                0x00000000200000fc                _ebss = .
                0x00000000200000fc                __bss_end__ = _ebss

._user_heap_stack
                0x00000000200000fc      0x604
                0x0000000020000100                . = ALIGN (0x8)
 *fill*         0x00000000200000fc        0x4 
                0x0000000020000100                PROVIDE (end = .)
                [!provide]                        PROVIDE (_end = .)
                0x0000000020000300                . = (. + _Min_Heap_Size)
 *fill*         0x0000000020000100      0x200 
                0x0000000020000700                . = (. + _Min_Stack_Size)
 *fill*         0x0000000020000300      0x400 
                0x0000000020000700                . = ALIGN (0x8)

/DISCARD/
 libc.a(*)
 libm.a(*)
 libgcc.a(*)

.ARM.attributes
                0x0000000000000000       0x2a
 *(.ARM.attributes)
 .ARM.attributes
                0x0000000000000000       0x1e /opt/gcc-arm-none-eabi-9-2019-q4-major/bin/../lib/gcc/arm-none-eabi/9.2.1/thumb/v7e-m/nofp/crti.o
 .ARM.attributes
                0x000000000000001e       0x2e /opt/gcc-arm-none-eabi-9-2019-q4-major/bin/../lib/gcc/arm-none-eabi/9.2.1/thumb/v7e-m/nofp/crtbegin.o
 .ARM.attributes
                0x000000000000004c       0x2e CMakeFiles/BOX.elf.dir/Drivers/STM32F3xx_HAL_Driver/Src/stm32f3xx_hal.c.obj
 .ARM.attributes
                0x000000000000007a       0x2e CMakeFiles/BOX.elf.dir/Drivers/STM32F3xx_HAL_Driver/Src/stm32f3xx_hal_adc.c.obj
 .ARM.attributes
                0x00000000000000a8       0x2e CMakeFiles/BOX.elf.dir/Drivers/STM32F3xx_HAL_Driver/Src/stm32f3xx_hal_adc_ex.c.obj
 .ARM.attributes
                0x00000000000000d6       0x2e CMakeFiles/BOX.elf.dir/Drivers/STM32F3xx_HAL_Driver/Src/stm32f3xx_hal_cortex.c.obj
 .ARM.attributes
                0x0000000000000104       0x2e CMakeFiles/BOX.elf.dir/Drivers/STM32F3xx_HAL_Driver/Src/stm32f3xx_hal_gpio.c.obj
 .ARM.attributes
                0x0000000000000132       0x2e CMakeFiles/BOX.elf.dir/Drivers/STM32F3xx_HAL_Driver/Src/stm32f3xx_hal_rcc.c.obj
 .ARM.attributes
                0x0000000000000160       0x2e CMakeFiles/BOX.elf.dir/Drivers/STM32F3xx_HAL_Driver/Src/stm32f3xx_hal_rcc_ex.c.obj
 .ARM.attributes
                0x000000000000018e       0x2e CMakeFiles/BOX.elf.dir/Src/Level0.c.obj
 .ARM.attributes
                0x00000000000001bc       0x2e CMakeFiles/BOX.elf.dir/Src/Level1.c.obj
 .ARM.attributes
                0x00000000000001ea       0x2e CMakeFiles/BOX.elf.dir/Src/Level2.c.obj
 .ARM.attributes
                0x0000000000000218       0x2e CMakeFiles/BOX.elf.dir/Src/Level3.c.obj
 .ARM.attributes
                0x0000000000000246       0x2e CMakeFiles/BOX.elf.dir/Src/lcd.c.obj
 .ARM.attributes
                0x0000000000000274       0x2e CMakeFiles/BOX.elf.dir/Src/main.c.obj
 .ARM.attributes
                0x00000000000002a2       0x2e CMakeFiles/BOX.elf.dir/Src/stm32f3xx_hal_msp.c.obj
 .ARM.attributes
                0x00000000000002d0       0x2e CMakeFiles/BOX.elf.dir/Src/stm32f3xx_it.c.obj
 .ARM.attributes
                0x00000000000002fe       0x2e CMakeFiles/BOX.elf.dir/Src/syscalls.c.obj
 .ARM.attributes
                0x000000000000032c       0x2e CMakeFiles/BOX.elf.dir/Src/system_stm32f3xx.c.obj
 .ARM.attributes
                0x000000000000035a       0x21 CMakeFiles/BOX.elf.dir/startup/startup_stm32f334x8.s.obj
 .ARM.attributes
                0x000000000000037b       0x2e /opt/gcc-arm-none-eabi-9-2019-q4-major/bin/../lib/gcc/arm-none-eabi/9.2.1/../../../../arm-none-eabi/lib/thumb/v7e-m/nofp/libg_nano.a(lib_a-errno.o)
 .ARM.attributes
                0x00000000000003a9       0x2e /opt/gcc-arm-none-eabi-9-2019-q4-major/bin/../lib/gcc/arm-none-eabi/9.2.1/../../../../arm-none-eabi/lib/thumb/v7e-m/nofp/libg_nano.a(lib_a-impure.o)
 .ARM.attributes
                0x00000000000003d7       0x2e /opt/gcc-arm-none-eabi-9-2019-q4-major/bin/../lib/gcc/arm-none-eabi/9.2.1/../../../../arm-none-eabi/lib/thumb/v7e-m/nofp/libg_nano.a(lib_a-init.o)
 .ARM.attributes
                0x0000000000000405       0x2e /opt/gcc-arm-none-eabi-9-2019-q4-major/bin/../lib/gcc/arm-none-eabi/9.2.1/../../../../arm-none-eabi/lib/thumb/v7e-m/nofp/libg_nano.a(lib_a-malloc.o)
 .ARM.attributes
                0x0000000000000433       0x2e /opt/gcc-arm-none-eabi-9-2019-q4-major/bin/../lib/gcc/arm-none-eabi/9.2.1/../../../../arm-none-eabi/lib/thumb/v7e-m/nofp/libg_nano.a(lib_a-memset.o)
 .ARM.attributes
                0x0000000000000461       0x2e /opt/gcc-arm-none-eabi-9-2019-q4-major/bin/../lib/gcc/arm-none-eabi/9.2.1/../../../../arm-none-eabi/lib/thumb/v7e-m/nofp/libg_nano.a(lib_a-nano-freer.o)
 .ARM.attributes
                0x000000000000048f       0x2e /opt/gcc-arm-none-eabi-9-2019-q4-major/bin/../lib/gcc/arm-none-eabi/9.2.1/../../../../arm-none-eabi/lib/thumb/v7e-m/nofp/libg_nano.a(lib_a-nano-mallocr.o)
 .ARM.attributes
                0x00000000000004bd       0x2e /opt/gcc-arm-none-eabi-9-2019-q4-major/bin/../lib/gcc/arm-none-eabi/9.2.1/../../../../arm-none-eabi/lib/thumb/v7e-m/nofp/libg_nano.a(lib_a-sbrkr.o)
 .ARM.attributes
                0x00000000000004eb       0x17 /opt/gcc-arm-none-eabi-9-2019-q4-major/bin/../lib/gcc/arm-none-eabi/9.2.1/../../../../arm-none-eabi/lib/thumb/v7e-m/nofp/libg_nano.a(lib_a-strlen.o)
 .ARM.attributes
                0x0000000000000502       0x2e /opt/gcc-arm-none-eabi-9-2019-q4-major/bin/../lib/gcc/arm-none-eabi/9.2.1/../../../../arm-none-eabi/lib/thumb/v7e-m/nofp/libg_nano.a(lib_a-mlock.o)
 .ARM.attributes
                0x0000000000000530       0x2e /opt/gcc-arm-none-eabi-9-2019-q4-major/bin/../lib/gcc/arm-none-eabi/9.2.1/../../../../arm-none-eabi/lib/thumb/v7e-m/nofp/libg_nano.a(lib_a-reent.o)
 .ARM.attributes
                0x000000000000055e       0x2e /opt/gcc-arm-none-eabi-9-2019-q4-major/bin/../lib/gcc/arm-none-eabi/9.2.1/../../../../arm-none-eabi/lib/thumb/v7e-m/nofp/libg_nano.a(lib_a-lock.o)
 .ARM.attributes
                0x000000000000058c       0x1e /opt/gcc-arm-none-eabi-9-2019-q4-major/bin/../lib/gcc/arm-none-eabi/9.2.1/thumb/v7e-m/nofp/crtn.o
OUTPUT(BOX.elf elf32-littlearm)

.debug_info     0x0000000000000000     0xe594
 .debug_info    0x0000000000000000      0x7d2 CMakeFiles/BOX.elf.dir/Drivers/STM32F3xx_HAL_Driver/Src/stm32f3xx_hal.c.obj
 .debug_info    0x00000000000007d2      0xc82 CMakeFiles/BOX.elf.dir/Drivers/STM32F3xx_HAL_Driver/Src/stm32f3xx_hal_adc.c.obj
 .debug_info    0x0000000000001454     0x16bc CMakeFiles/BOX.elf.dir/Drivers/STM32F3xx_HAL_Driver/Src/stm32f3xx_hal_adc_ex.c.obj
 .debug_info    0x0000000000002b10      0xbfe CMakeFiles/BOX.elf.dir/Drivers/STM32F3xx_HAL_Driver/Src/stm32f3xx_hal_cortex.c.obj
 .debug_info    0x000000000000370e      0x822 CMakeFiles/BOX.elf.dir/Drivers/STM32F3xx_HAL_Driver/Src/stm32f3xx_hal_gpio.c.obj
 .debug_info    0x0000000000003f30     0x15aa CMakeFiles/BOX.elf.dir/Drivers/STM32F3xx_HAL_Driver/Src/stm32f3xx_hal_rcc.c.obj
 .debug_info    0x00000000000054da      0x61c CMakeFiles/BOX.elf.dir/Drivers/STM32F3xx_HAL_Driver/Src/stm32f3xx_hal_rcc_ex.c.obj
 .debug_info    0x0000000000005af6     0x113e CMakeFiles/BOX.elf.dir/Src/Level0.c.obj
 .debug_info    0x0000000000006c34     0x1244 CMakeFiles/BOX.elf.dir/Src/Level1.c.obj
 .debug_info    0x0000000000007e78      0xc1c CMakeFiles/BOX.elf.dir/Src/Level2.c.obj
 .debug_info    0x0000000000008a94      0xc1c CMakeFiles/BOX.elf.dir/Src/Level3.c.obj
 .debug_info    0x00000000000096b0      0xe0f CMakeFiles/BOX.elf.dir/Src/lcd.c.obj
 .debug_info    0x000000000000a4bf     0x1871 CMakeFiles/BOX.elf.dir/Src/main.c.obj
 .debug_info    0x000000000000bd30      0xb95 CMakeFiles/BOX.elf.dir/Src/stm32f3xx_hal_msp.c.obj
 .debug_info    0x000000000000c8c5      0x80f CMakeFiles/BOX.elf.dir/Src/stm32f3xx_it.c.obj
 .debug_info    0x000000000000d0d4     0x100f CMakeFiles/BOX.elf.dir/Src/syscalls.c.obj
 .debug_info    0x000000000000e0e3      0x48f CMakeFiles/BOX.elf.dir/Src/system_stm32f3xx.c.obj
 .debug_info    0x000000000000e572       0x22 CMakeFiles/BOX.elf.dir/startup/startup_stm32f334x8.s.obj

.debug_abbrev   0x0000000000000000     0x24f4
 .debug_abbrev  0x0000000000000000      0x1ea CMakeFiles/BOX.elf.dir/Drivers/STM32F3xx_HAL_Driver/Src/stm32f3xx_hal.c.obj
 .debug_abbrev  0x00000000000001ea      0x1a4 CMakeFiles/BOX.elf.dir/Drivers/STM32F3xx_HAL_Driver/Src/stm32f3xx_hal_adc.c.obj
 .debug_abbrev  0x000000000000038e      0x250 CMakeFiles/BOX.elf.dir/Drivers/STM32F3xx_HAL_Driver/Src/stm32f3xx_hal_adc_ex.c.obj
 .debug_abbrev  0x00000000000005de      0x310 CMakeFiles/BOX.elf.dir/Drivers/STM32F3xx_HAL_Driver/Src/stm32f3xx_hal_cortex.c.obj
 .debug_abbrev  0x00000000000008ee      0x1e5 CMakeFiles/BOX.elf.dir/Drivers/STM32F3xx_HAL_Driver/Src/stm32f3xx_hal_gpio.c.obj
 .debug_abbrev  0x0000000000000ad3      0x2c1 CMakeFiles/BOX.elf.dir/Drivers/STM32F3xx_HAL_Driver/Src/stm32f3xx_hal_rcc.c.obj
 .debug_abbrev  0x0000000000000d94      0x231 CMakeFiles/BOX.elf.dir/Drivers/STM32F3xx_HAL_Driver/Src/stm32f3xx_hal_rcc_ex.c.obj
 .debug_abbrev  0x0000000000000fc5      0x250 CMakeFiles/BOX.elf.dir/Src/Level0.c.obj
 .debug_abbrev  0x0000000000001215      0x250 CMakeFiles/BOX.elf.dir/Src/Level1.c.obj
 .debug_abbrev  0x0000000000001465      0x239 CMakeFiles/BOX.elf.dir/Src/Level2.c.obj
 .debug_abbrev  0x000000000000169e      0x239 CMakeFiles/BOX.elf.dir/Src/Level3.c.obj
 .debug_abbrev  0x00000000000018d7      0x24b CMakeFiles/BOX.elf.dir/Src/lcd.c.obj
 .debug_abbrev  0x0000000000001b22      0x2b2 CMakeFiles/BOX.elf.dir/Src/main.c.obj
 .debug_abbrev  0x0000000000001dd4      0x1b2 CMakeFiles/BOX.elf.dir/Src/stm32f3xx_hal_msp.c.obj
 .debug_abbrev  0x0000000000001f86      0x171 CMakeFiles/BOX.elf.dir/Src/stm32f3xx_it.c.obj
 .debug_abbrev  0x00000000000020f7      0x2a9 CMakeFiles/BOX.elf.dir/Src/syscalls.c.obj
 .debug_abbrev  0x00000000000023a0      0x142 CMakeFiles/BOX.elf.dir/Src/system_stm32f3xx.c.obj
 .debug_abbrev  0x00000000000024e2       0x12 CMakeFiles/BOX.elf.dir/startup/startup_stm32f334x8.s.obj

.debug_aranges  0x0000000000000000      0x868
 .debug_aranges
                0x0000000000000000       0xe0 CMakeFiles/BOX.elf.dir/Drivers/STM32F3xx_HAL_Driver/Src/stm32f3xx_hal.c.obj
 .debug_aranges
                0x00000000000000e0       0xc8 CMakeFiles/BOX.elf.dir/Drivers/STM32F3xx_HAL_Driver/Src/stm32f3xx_hal_adc.c.obj
 .debug_aranges
                0x00000000000001a8      0x168 CMakeFiles/BOX.elf.dir/Drivers/STM32F3xx_HAL_Driver/Src/stm32f3xx_hal_adc_ex.c.obj
 .debug_aranges
                0x0000000000000310      0x100 CMakeFiles/BOX.elf.dir/Drivers/STM32F3xx_HAL_Driver/Src/stm32f3xx_hal_cortex.c.obj
 .debug_aranges
                0x0000000000000410       0x58 CMakeFiles/BOX.elf.dir/Drivers/STM32F3xx_HAL_Driver/Src/stm32f3xx_hal_gpio.c.obj
 .debug_aranges
                0x0000000000000468       0x88 CMakeFiles/BOX.elf.dir/Drivers/STM32F3xx_HAL_Driver/Src/stm32f3xx_hal_rcc.c.obj
 .debug_aranges
                0x00000000000004f0       0x38 CMakeFiles/BOX.elf.dir/Drivers/STM32F3xx_HAL_Driver/Src/stm32f3xx_hal_rcc_ex.c.obj
 .debug_aranges
                0x0000000000000528       0x40 CMakeFiles/BOX.elf.dir/Src/Level0.c.obj
 .debug_aranges
                0x0000000000000568       0x40 CMakeFiles/BOX.elf.dir/Src/Level1.c.obj
 .debug_aranges
                0x00000000000005a8       0x40 CMakeFiles/BOX.elf.dir/Src/Level2.c.obj
 .debug_aranges
                0x00000000000005e8       0x40 CMakeFiles/BOX.elf.dir/Src/Level3.c.obj
 .debug_aranges
                0x0000000000000628       0x58 CMakeFiles/BOX.elf.dir/Src/lcd.c.obj
 .debug_aranges
                0x0000000000000680       0x50 CMakeFiles/BOX.elf.dir/Src/main.c.obj
 .debug_aranges
                0x00000000000006d0       0x30 CMakeFiles/BOX.elf.dir/Src/stm32f3xx_hal_msp.c.obj
 .debug_aranges
                0x0000000000000700       0x68 CMakeFiles/BOX.elf.dir/Src/stm32f3xx_it.c.obj
 .debug_aranges
                0x0000000000000768       0xb0 CMakeFiles/BOX.elf.dir/Src/syscalls.c.obj
 .debug_aranges
                0x0000000000000818       0x28 CMakeFiles/BOX.elf.dir/Src/system_stm32f3xx.c.obj
 .debug_aranges
                0x0000000000000840       0x28 CMakeFiles/BOX.elf.dir/startup/startup_stm32f334x8.s.obj

.debug_ranges   0x0000000000000000      0x750
 .debug_ranges  0x0000000000000000       0xd0 CMakeFiles/BOX.elf.dir/Drivers/STM32F3xx_HAL_Driver/Src/stm32f3xx_hal.c.obj
 .debug_ranges  0x00000000000000d0       0xb8 CMakeFiles/BOX.elf.dir/Drivers/STM32F3xx_HAL_Driver/Src/stm32f3xx_hal_adc.c.obj
 .debug_ranges  0x0000000000000188      0x158 CMakeFiles/BOX.elf.dir/Drivers/STM32F3xx_HAL_Driver/Src/stm32f3xx_hal_adc_ex.c.obj
 .debug_ranges  0x00000000000002e0       0xf0 CMakeFiles/BOX.elf.dir/Drivers/STM32F3xx_HAL_Driver/Src/stm32f3xx_hal_cortex.c.obj
 .debug_ranges  0x00000000000003d0       0x48 CMakeFiles/BOX.elf.dir/Drivers/STM32F3xx_HAL_Driver/Src/stm32f3xx_hal_gpio.c.obj
 .debug_ranges  0x0000000000000418       0x78 CMakeFiles/BOX.elf.dir/Drivers/STM32F3xx_HAL_Driver/Src/stm32f3xx_hal_rcc.c.obj
 .debug_ranges  0x0000000000000490       0x28 CMakeFiles/BOX.elf.dir/Drivers/STM32F3xx_HAL_Driver/Src/stm32f3xx_hal_rcc_ex.c.obj
 .debug_ranges  0x00000000000004b8       0x30 CMakeFiles/BOX.elf.dir/Src/Level0.c.obj
 .debug_ranges  0x00000000000004e8       0x30 CMakeFiles/BOX.elf.dir/Src/Level1.c.obj
 .debug_ranges  0x0000000000000518       0x30 CMakeFiles/BOX.elf.dir/Src/Level2.c.obj
 .debug_ranges  0x0000000000000548       0x30 CMakeFiles/BOX.elf.dir/Src/Level3.c.obj
 .debug_ranges  0x0000000000000578       0x48 CMakeFiles/BOX.elf.dir/Src/lcd.c.obj
 .debug_ranges  0x00000000000005c0       0x40 CMakeFiles/BOX.elf.dir/Src/main.c.obj
 .debug_ranges  0x0000000000000600       0x20 CMakeFiles/BOX.elf.dir/Src/stm32f3xx_hal_msp.c.obj
 .debug_ranges  0x0000000000000620       0x58 CMakeFiles/BOX.elf.dir/Src/stm32f3xx_it.c.obj
 .debug_ranges  0x0000000000000678       0xa0 CMakeFiles/BOX.elf.dir/Src/syscalls.c.obj
 .debug_ranges  0x0000000000000718       0x18 CMakeFiles/BOX.elf.dir/Src/system_stm32f3xx.c.obj
 .debug_ranges  0x0000000000000730       0x20 CMakeFiles/BOX.elf.dir/startup/startup_stm32f334x8.s.obj

.debug_line     0x0000000000000000     0x6da9
 .debug_line    0x0000000000000000      0x4e6 CMakeFiles/BOX.elf.dir/Drivers/STM32F3xx_HAL_Driver/Src/stm32f3xx_hal.c.obj
 .debug_line    0x00000000000004e6      0x481 CMakeFiles/BOX.elf.dir/Drivers/STM32F3xx_HAL_Driver/Src/stm32f3xx_hal_adc.c.obj
 .debug_line    0x0000000000000967     0x1bcb CMakeFiles/BOX.elf.dir/Drivers/STM32F3xx_HAL_Driver/Src/stm32f3xx_hal_adc_ex.c.obj
 .debug_line    0x0000000000002532      0x6c6 CMakeFiles/BOX.elf.dir/Drivers/STM32F3xx_HAL_Driver/Src/stm32f3xx_hal_cortex.c.obj
 .debug_line    0x0000000000002bf8      0x65b CMakeFiles/BOX.elf.dir/Drivers/STM32F3xx_HAL_Driver/Src/stm32f3xx_hal_gpio.c.obj
 .debug_line    0x0000000000003253      0xf0e CMakeFiles/BOX.elf.dir/Drivers/STM32F3xx_HAL_Driver/Src/stm32f3xx_hal_rcc.c.obj
 .debug_line    0x0000000000004161      0x608 CMakeFiles/BOX.elf.dir/Drivers/STM32F3xx_HAL_Driver/Src/stm32f3xx_hal_rcc_ex.c.obj
 .debug_line    0x0000000000004769      0x3f8 CMakeFiles/BOX.elf.dir/Src/Level0.c.obj
 .debug_line    0x0000000000004b61      0x43c CMakeFiles/BOX.elf.dir/Src/Level1.c.obj
 .debug_line    0x0000000000004f9d      0x399 CMakeFiles/BOX.elf.dir/Src/Level2.c.obj
 .debug_line    0x0000000000005336      0x399 CMakeFiles/BOX.elf.dir/Src/Level3.c.obj
 .debug_line    0x00000000000056cf      0x41a CMakeFiles/BOX.elf.dir/Src/lcd.c.obj
 .debug_line    0x0000000000005ae9      0x516 CMakeFiles/BOX.elf.dir/Src/main.c.obj
 .debug_line    0x0000000000005fff      0x2e5 CMakeFiles/BOX.elf.dir/Src/stm32f3xx_hal_msp.c.obj
 .debug_line    0x00000000000062e4      0x345 CMakeFiles/BOX.elf.dir/Src/stm32f3xx_it.c.obj
 .debug_line    0x0000000000006629      0x44e CMakeFiles/BOX.elf.dir/Src/syscalls.c.obj
 .debug_line    0x0000000000006a77      0x29a CMakeFiles/BOX.elf.dir/Src/system_stm32f3xx.c.obj
 .debug_line    0x0000000000006d11       0x98 CMakeFiles/BOX.elf.dir/startup/startup_stm32f334x8.s.obj

.debug_str      0x0000000000000000     0x2cd9
 .debug_str     0x0000000000000000      0x8ac CMakeFiles/BOX.elf.dir/Drivers/STM32F3xx_HAL_Driver/Src/stm32f3xx_hal.c.obj
                                        0x91a (size before relaxing)
 .debug_str     0x00000000000008ac      0x66c CMakeFiles/BOX.elf.dir/Drivers/STM32F3xx_HAL_Driver/Src/stm32f3xx_hal_adc.c.obj
                                        0x9dd (size before relaxing)
 .debug_str     0x0000000000000f18      0x63c CMakeFiles/BOX.elf.dir/Drivers/STM32F3xx_HAL_Driver/Src/stm32f3xx_hal_adc_ex.c.obj
                                        0xf2f (size before relaxing)
 .debug_str     0x0000000000001554      0x3f2 CMakeFiles/BOX.elf.dir/Drivers/STM32F3xx_HAL_Driver/Src/stm32f3xx_hal_cortex.c.obj
                                        0xa59 (size before relaxing)
 .debug_str     0x0000000000001946      0x22f CMakeFiles/BOX.elf.dir/Drivers/STM32F3xx_HAL_Driver/Src/stm32f3xx_hal_gpio.c.obj
                                        0x5bd (size before relaxing)
 .debug_str     0x0000000000001b75      0x336 CMakeFiles/BOX.elf.dir/Drivers/STM32F3xx_HAL_Driver/Src/stm32f3xx_hal_rcc.c.obj
                                        0x728 (size before relaxing)
 .debug_str     0x0000000000001eab      0x1ae CMakeFiles/BOX.elf.dir/Drivers/STM32F3xx_HAL_Driver/Src/stm32f3xx_hal_rcc_ex.c.obj
                                        0x549 (size before relaxing)
 .debug_str     0x0000000000002059      0x496 CMakeFiles/BOX.elf.dir/Src/Level0.c.obj
                                        0xbc6 (size before relaxing)
 .debug_str     0x00000000000024ef       0xb4 CMakeFiles/BOX.elf.dir/Src/Level1.c.obj
                                        0xc47 (size before relaxing)
 .debug_str     0x00000000000025a3       0xbb CMakeFiles/BOX.elf.dir/Src/Level2.c.obj
                                        0x7ed (size before relaxing)
 .debug_str     0x000000000000265e       0xbb CMakeFiles/BOX.elf.dir/Src/Level3.c.obj
                                        0x7ed (size before relaxing)
 .debug_str     0x0000000000002719      0x105 CMakeFiles/BOX.elf.dir/Src/lcd.c.obj
                                        0x80f (size before relaxing)
 .debug_str     0x000000000000281e       0xad CMakeFiles/BOX.elf.dir/Src/main.c.obj
                                       0x104f (size before relaxing)
 .debug_str     0x00000000000028cb       0x35 CMakeFiles/BOX.elf.dir/Src/stm32f3xx_hal_msp.c.obj
                                        0xb58 (size before relaxing)
 .debug_str     0x0000000000002900       0xd2 CMakeFiles/BOX.elf.dir/Src/stm32f3xx_it.c.obj
                                        0x79b (size before relaxing)
 .debug_str     0x00000000000029d2      0x254 CMakeFiles/BOX.elf.dir/Src/syscalls.c.obj
                                        0x882 (size before relaxing)
 .debug_str     0x0000000000002c26       0x6a CMakeFiles/BOX.elf.dir/Src/system_stm32f3xx.c.obj
                                        0x3ad (size before relaxing)
 .debug_str     0x0000000000002c90       0x49 CMakeFiles/BOX.elf.dir/startup/startup_stm32f334x8.s.obj
                                         0x78 (size before relaxing)

.comment        0x0000000000000000       0x79
 .comment       0x0000000000000000       0x79 CMakeFiles/BOX.elf.dir/Drivers/STM32F3xx_HAL_Driver/Src/stm32f3xx_hal.c.obj
                                         0x7a (size before relaxing)
 .comment       0x0000000000000079       0x7a CMakeFiles/BOX.elf.dir/Drivers/STM32F3xx_HAL_Driver/Src/stm32f3xx_hal_adc.c.obj
 .comment       0x0000000000000079       0x7a CMakeFiles/BOX.elf.dir/Drivers/STM32F3xx_HAL_Driver/Src/stm32f3xx_hal_adc_ex.c.obj
 .comment       0x0000000000000079       0x7a CMakeFiles/BOX.elf.dir/Drivers/STM32F3xx_HAL_Driver/Src/stm32f3xx_hal_cortex.c.obj
 .comment       0x0000000000000079       0x7a CMakeFiles/BOX.elf.dir/Drivers/STM32F3xx_HAL_Driver/Src/stm32f3xx_hal_gpio.c.obj
 .comment       0x0000000000000079       0x7a CMakeFiles/BOX.elf.dir/Drivers/STM32F3xx_HAL_Driver/Src/stm32f3xx_hal_rcc.c.obj
 .comment       0x0000000000000079       0x7a CMakeFiles/BOX.elf.dir/Drivers/STM32F3xx_HAL_Driver/Src/stm32f3xx_hal_rcc_ex.c.obj
 .comment       0x0000000000000079       0x7a CMakeFiles/BOX.elf.dir/Src/Level0.c.obj
 .comment       0x0000000000000079       0x7a CMakeFiles/BOX.elf.dir/Src/Level1.c.obj
 .comment       0x0000000000000079       0x7a CMakeFiles/BOX.elf.dir/Src/Level2.c.obj
 .comment       0x0000000000000079       0x7a CMakeFiles/BOX.elf.dir/Src/Level3.c.obj
 .comment       0x0000000000000079       0x7a CMakeFiles/BOX.elf.dir/Src/lcd.c.obj
 .comment       0x0000000000000079       0x7a CMakeFiles/BOX.elf.dir/Src/main.c.obj
 .comment       0x0000000000000079       0x7a CMakeFiles/BOX.elf.dir/Src/stm32f3xx_hal_msp.c.obj
 .comment       0x0000000000000079       0x7a CMakeFiles/BOX.elf.dir/Src/stm32f3xx_it.c.obj
 .comment       0x0000000000000079       0x7a CMakeFiles/BOX.elf.dir/Src/syscalls.c.obj
 .comment       0x0000000000000079       0x7a CMakeFiles/BOX.elf.dir/Src/system_stm32f3xx.c.obj

.debug_frame    0x0000000000000000     0x21b0
 .debug_frame   0x0000000000000000      0x334 CMakeFiles/BOX.elf.dir/Drivers/STM32F3xx_HAL_Driver/Src/stm32f3xx_hal.c.obj
 .debug_frame   0x0000000000000334      0x380 CMakeFiles/BOX.elf.dir/Drivers/STM32F3xx_HAL_Driver/Src/stm32f3xx_hal_adc.c.obj
 .debug_frame   0x00000000000006b4      0x638 CMakeFiles/BOX.elf.dir/Drivers/STM32F3xx_HAL_Driver/Src/stm32f3xx_hal_adc_ex.c.obj
 .debug_frame   0x0000000000000cec      0x428 CMakeFiles/BOX.elf.dir/Drivers/STM32F3xx_HAL_Driver/Src/stm32f3xx_hal_cortex.c.obj
 .debug_frame   0x0000000000001114      0x14c CMakeFiles/BOX.elf.dir/Drivers/STM32F3xx_HAL_Driver/Src/stm32f3xx_hal_gpio.c.obj
 .debug_frame   0x0000000000001260      0x214 CMakeFiles/BOX.elf.dir/Drivers/STM32F3xx_HAL_Driver/Src/stm32f3xx_hal_rcc.c.obj
 .debug_frame   0x0000000000001474       0xb4 CMakeFiles/BOX.elf.dir/Drivers/STM32F3xx_HAL_Driver/Src/stm32f3xx_hal_rcc_ex.c.obj
 .debug_frame   0x0000000000001528       0xc8 CMakeFiles/BOX.elf.dir/Src/Level0.c.obj
 .debug_frame   0x00000000000015f0       0xc8 CMakeFiles/BOX.elf.dir/Src/Level1.c.obj
 .debug_frame   0x00000000000016b8       0xc0 CMakeFiles/BOX.elf.dir/Src/Level2.c.obj
 .debug_frame   0x0000000000001778       0xc0 CMakeFiles/BOX.elf.dir/Src/Level3.c.obj
 .debug_frame   0x0000000000001838      0x138 CMakeFiles/BOX.elf.dir/Src/lcd.c.obj
 .debug_frame   0x0000000000001970      0x104 CMakeFiles/BOX.elf.dir/Src/main.c.obj
 .debug_frame   0x0000000000001a74       0x80 CMakeFiles/BOX.elf.dir/Src/stm32f3xx_hal_msp.c.obj
 .debug_frame   0x0000000000001af4      0x128 CMakeFiles/BOX.elf.dir/Src/stm32f3xx_it.c.obj
 .debug_frame   0x0000000000001c1c      0x2d0 CMakeFiles/BOX.elf.dir/Src/syscalls.c.obj
 .debug_frame   0x0000000000001eec       0x58 CMakeFiles/BOX.elf.dir/Src/system_stm32f3xx.c.obj
 .debug_frame   0x0000000000001f44       0x20 /opt/gcc-arm-none-eabi-9-2019-q4-major/bin/../lib/gcc/arm-none-eabi/9.2.1/../../../../arm-none-eabi/lib/thumb/v7e-m/nofp/libg_nano.a(lib_a-errno.o)
 .debug_frame   0x0000000000001f64       0x2c /opt/gcc-arm-none-eabi-9-2019-q4-major/bin/../lib/gcc/arm-none-eabi/9.2.1/../../../../arm-none-eabi/lib/thumb/v7e-m/nofp/libg_nano.a(lib_a-init.o)
 .debug_frame   0x0000000000001f90       0x30 /opt/gcc-arm-none-eabi-9-2019-q4-major/bin/../lib/gcc/arm-none-eabi/9.2.1/../../../../arm-none-eabi/lib/thumb/v7e-m/nofp/libg_nano.a(lib_a-malloc.o)
 .debug_frame   0x0000000000001fc0       0x20 /opt/gcc-arm-none-eabi-9-2019-q4-major/bin/../lib/gcc/arm-none-eabi/9.2.1/../../../../arm-none-eabi/lib/thumb/v7e-m/nofp/libg_nano.a(lib_a-memset.o)
 .debug_frame   0x0000000000001fe0       0x38 /opt/gcc-arm-none-eabi-9-2019-q4-major/bin/../lib/gcc/arm-none-eabi/9.2.1/../../../../arm-none-eabi/lib/thumb/v7e-m/nofp/libg_nano.a(lib_a-nano-freer.o)
 .debug_frame   0x0000000000002018       0x30 /opt/gcc-arm-none-eabi-9-2019-q4-major/bin/../lib/gcc/arm-none-eabi/9.2.1/../../../../arm-none-eabi/lib/thumb/v7e-m/nofp/libg_nano.a(lib_a-nano-mallocr.o)
 .debug_frame   0x0000000000002048       0x2c /opt/gcc-arm-none-eabi-9-2019-q4-major/bin/../lib/gcc/arm-none-eabi/9.2.1/../../../../arm-none-eabi/lib/thumb/v7e-m/nofp/libg_nano.a(lib_a-sbrkr.o)
 .debug_frame   0x0000000000002074       0x30 /opt/gcc-arm-none-eabi-9-2019-q4-major/bin/../lib/gcc/arm-none-eabi/9.2.1/../../../../arm-none-eabi/lib/thumb/v7e-m/nofp/libg_nano.a(lib_a-mlock.o)
 .debug_frame   0x00000000000020a4       0x5c /opt/gcc-arm-none-eabi-9-2019-q4-major/bin/../lib/gcc/arm-none-eabi/9.2.1/../../../../arm-none-eabi/lib/thumb/v7e-m/nofp/libg_nano.a(lib_a-reent.o)
 .debug_frame   0x0000000000002100       0xb0 /opt/gcc-arm-none-eabi-9-2019-q4-major/bin/../lib/gcc/arm-none-eabi/9.2.1/../../../../arm-none-eabi/lib/thumb/v7e-m/nofp/libg_nano.a(lib_a-lock.o)
